00:00 +0: loading /Users/chiiefbaka/prototype_0_0_1/test/providers/battle_provider_test.dart                                                                                                           00:01 +0: loading /Users/chiiefbaka/prototype_0_0_1/test/providers/battle_provider_test.dart                                                                                                           00:02 +0: loading /Users/chiiefbaka/prototype_0_0_1/test/providers/battle_provider_test.dart                                                                                                           00:03 +0: loading /Users/chiiefbaka/prototype_0_0_1/test/providers/battle_provider_test.dart                                                                                                           00:03 +0: /Users/chiiefbaka/prototype_0_0_1/test/providers/battle_provider_test.dart: BattleProvider Tests State Management initial state is correct                                                   00:03 +1: /Users/chiiefbaka/prototype_0_0_1/test/providers/battle_provider_test.dart: BattleProvider Tests State Management initial state is correct                                                   00:03 +1: /Users/chiiefbaka/prototype_0_0_1/test/providers/battle_provider_test.dart: BattleProvider Tests State Management loading state is tracked correctly                                         00:03 +2: /Users/chiiefbaka/prototype_0_0_1/test/providers/battle_provider_test.dart: BattleProvider Tests State Management loading state is tracked correctly                                         00:03 +2: /Users/chiiefbaka/prototype_0_0_1/test/providers/battle_provider_test.dart: BattleProvider Tests State Management error state is tracked correctly                                           00:03 +3: /Users/chiiefbaka/prototype_0_0_1/test/providers/battle_provider_test.dart: BattleProvider Tests State Management error state is tracked correctly                                           00:03 +3: /Users/chiiefbaka/prototype_0_0_1/test/providers/battle_provider_test.dart: BattleProvider Tests Battle Filtering filters active battles correctly                                           00:03 +4: /Users/chiiefbaka/prototype_0_0_1/test/providers/battle_provider_test.dart: BattleProvider Tests Battle Filtering filters active battles correctly                                           00:03 +4: /Users/chiiefbaka/prototype_0_0_1/test/providers/battle_provider_test.dart: BattleProvider Tests Battle Filtering filters pending battles correctly                                          00:03 +5: /Users/chiiefbaka/prototype_0_0_1/test/providers/battle_provider_test.dart: BattleProvider Tests Battle Filtering filters pending battles correctly                                          00:03 +5: /Users/chiiefbaka/prototype_0_0_1/test/providers/battle_provider_test.dart: BattleProvider Tests Battle Actions battlesRequiringAction counts correctly                                      00:03 +6: /Users/chiiefbaka/prototype_0_0_1/test/providers/battle_provider_test.dart: BattleProvider Tests Battle Actions battlesRequiringAction counts correctly                                      00:03 +6: /Users/chiiefbaka/prototype_0_0_1/test/providers/battle_provider_test.dart: BattleProvider Tests Battle Actions isInActiveBattle is true when has active battles                             00:03 +7: /Users/chiiefbaka/prototype_0_0_1/test/providers/battle_provider_test.dart: BattleProvider Tests Battle Actions isInActiveBattle is true when has active battles                             00:03 +7: /Users/chiiefbaka/prototype_0_0_1/test/providers/battle_provider_test.dart: BattleProvider Tests Battle Actions isInActiveBattle is false when no active battles                             00:03 +8: /Users/chiiefbaka/prototype_0_0_1/test/providers/battle_provider_test.dart: BattleProvider Tests Battle Actions isInActiveBattle is false when no active battles                             00:03 +8: loading /Users/chiiefbaka/prototype_0_0_1/test/providers/user_provider_test.dart                                                                                                             00:03 +8: /Users/chiiefbaka/prototype_0_0_1/test/providers/user_provider_test.dart: UserProvider Tests State Management initial state is correct                                                       00:03 +9: /Users/chiiefbaka/prototype_0_0_1/test/providers/user_provider_test.dart: UserProvider Tests State Management initial state is correct                                                       00:03 +9: /Users/chiiefbaka/prototype_0_0_1/test/providers/user_provider_test.dart: UserProvider Tests State Management loading state is tracked correctly                                             00:03 +10: /Users/chiiefbaka/prototype_0_0_1/test/providers/user_provider_test.dart: UserProvider Tests State Management loading state is tracked correctly                                            00:03 +10: /Users/chiiefbaka/prototype_0_0_1/test/providers/user_provider_test.dart: UserProvider Tests State Management error state is tracked correctly                                              00:03 +11: /Users/chiiefbaka/prototype_0_0_1/test/providers/user_provider_test.dart: UserProvider Tests State Management error state is tracked correctly                                              00:03 +11: /Users/chiiefbaka/prototype_0_0_1/test/providers/user_provider_test.dart: UserProvider Tests Display Name Logic displayName returns username when available                                 00:03 +12: /Users/chiiefbaka/prototype_0_0_1/test/providers/user_provider_test.dart: UserProvider Tests Display Name Logic displayName returns username when available                                 00:03 +12: /Users/chiiefbaka/prototype_0_0_1/test/providers/user_provider_test.dart: UserProvider Tests Display Name Logic displayName returns email prefix when no username                           00:03 +13: /Users/chiiefbaka/prototype_0_0_1/test/providers/user_provider_test.dart: UserProvider Tests Display Name Logic displayName returns email prefix when no username                           00:03 +13: /Users/chiiefbaka/prototype_0_0_1/test/providers/user_provider_test.dart: UserProvider Tests Display Name Logic displayName returns User when nothing available                             00:03 +14: /Users/chiiefbaka/prototype_0_0_1/test/providers/user_provider_test.dart: UserProvider Tests Display Name Logic displayName returns User when nothing available                             00:03 +14: /Users/chiiefbaka/prototype_0_0_1/test/providers/user_provider_test.dart: UserProvider Tests User Levels mapLevel returns correct value from scores                                         00:03 +15: /Users/chiiefbaka/prototype_0_0_1/test/providers/user_provider_test.dart: UserProvider Tests User Levels mapLevel returns correct value from scores                                         00:03 +15: /Users/chiiefbaka/prototype_0_0_1/test/providers/user_provider_test.dart: UserProvider Tests User Levels playerLevel returns correct value from scores                                      00:03 +16: /Users/chiiefbaka/prototype_0_0_1/test/providers/user_provider_test.dart: UserProvider Tests User Levels playerLevel returns correct value from scores                                      00:03 +16: /Users/chiiefbaka/prototype_0_0_1/test/providers/user_provider_test.dart: UserProvider Tests User Levels voteWeight returns correct value from scores                                       00:03 +17: /Users/chiiefbaka/prototype_0_0_1/test/providers/user_provider_test.dart: UserProvider Tests User Levels voteWeight returns correct value from scores                                       00:03 +17: /Users/chiiefbaka/prototype_0_0_1/test/providers/user_provider_test.dart: UserProvider Tests User Levels default levels are 1 when no scores                                                00:03 +18: /Users/chiiefbaka/prototype_0_0_1/test/providers/user_provider_test.dart: UserProvider Tests User Levels default levels are 1 when no scores                                                00:03 +18: /Users/chiiefbaka/prototype_0_0_1/test/providers/user_provider_test.dart: UserProvider Tests Admin Status isAdmin defaults to false                                                         00:03 +19: /Users/chiiefbaka/prototype_0_0_1/test/providers/user_provider_test.dart: UserProvider Tests Admin Status isAdmin defaults to false                                                         00:03 +19: /Users/chiiefbaka/prototype_0_0_1/test/providers/user_provider_test.dart: UserProvider Tests Admin Status admin check can be updated                                                        00:03 +20: /Users/chiiefbaka/prototype_0_0_1/test/providers/user_provider_test.dart: UserProvider Tests Admin Status admin check can be updated                                                        00:03 +20: /Users/chiiefbaka/prototype_0_0_1/test/providers/user_provider_test.dart: UserProvider Tests Onboarding Status hasCompletedOnboarding is false when no username                             00:03 +21: /Users/chiiefbaka/prototype_0_0_1/test/providers/user_provider_test.dart: UserProvider Tests Onboarding Status hasCompletedOnboarding is false when no username                             00:03 +21: /Users/chiiefbaka/prototype_0_0_1/test/providers/user_provider_test.dart: UserProvider Tests Onboarding Status hasCompletedOnboarding is false when empty username                          00:03 +22: /Users/chiiefbaka/prototype_0_0_1/test/providers/user_provider_test.dart: UserProvider Tests Onboarding Status hasCompletedOnboarding is false when empty username                          00:03 +22: /Users/chiiefbaka/prototype_0_0_1/test/providers/user_provider_test.dart: UserProvider Tests Onboarding Status hasCompletedOnboarding is true when username set                             00:03 +23: /Users/chiiefbaka/prototype_0_0_1/test/providers/user_provider_test.dart: UserProvider Tests Onboarding Status hasCompletedOnboarding is true when username set                             00:03 +23: /Users/chiiefbaka/prototype_0_0_1/test/providers/user_provider_test.dart: UserProvider Tests Clear User clearUser resets all state                                                          00:03 +24: /Users/chiiefbaka/prototype_0_0_1/test/providers/user_provider_test.dart: UserProvider Tests Clear User clearUser resets all state                                                          00:03 +24: /Users/chiiefbaka/prototype_0_0_1/test/providers/user_provider_test.dart: UserProvider Tests isLoggedIn isLoggedIn is false when no user                                                    00:03 +25: /Users/chiiefbaka/prototype_0_0_1/test/providers/user_provider_test.dart: UserProvider Tests isLoggedIn isLoggedIn is false when no user                                                    00:03 +25: /Users/chiiefbaka/prototype_0_0_1/test/providers/user_provider_test.dart: UserProvider Tests isLoggedIn isLoggedIn is true when user exists                                                 00:03 +26: /Users/chiiefbaka/prototype_0_0_1/test/providers/user_provider_test.dart: UserProvider Tests isLoggedIn isLoggedIn is true when user exists                                                 00:03 +26: loading /Users/chiiefbaka/prototype_0_0_1/test/providers/post_provider_test.dart                                                                                                            00:03 +26: /Users/chiiefbaka/prototype_0_0_1/test/providers/post_provider_test.dart: PostProvider Tests State Management initial state is correct                                                      00:03 +27: /Users/chiiefbaka/prototype_0_0_1/test/providers/post_provider_test.dart: PostProvider Tests State Management initial state is correct                                                      00:03 +27: /Users/chiiefbaka/prototype_0_0_1/test/providers/post_provider_test.dart: PostProvider Tests State Management loading state is tracked correctly                                            00:03 +28: /Users/chiiefbaka/prototype_0_0_1/test/providers/post_provider_test.dart: PostProvider Tests State Management loading state is tracked correctly                                            00:03 +28: /Users/chiiefbaka/prototype_0_0_1/test/providers/post_provider_test.dart: PostProvider Tests State Management error state is tracked correctly                                              00:03 +29: /Users/chiiefbaka/prototype_0_0_1/test/providers/post_provider_test.dart: PostProvider Tests State Management error state is tracked correctly                                              00:03 +29: /Users/chiiefbaka/prototype_0_0_1/test/providers/post_provider_test.dart: PostProvider Tests Category Filtering All category returns all posts                                              00:03 +30: /Users/chiiefbaka/prototype_0_0_1/test/providers/post_provider_test.dart: PostProvider Tests Category Filtering All category returns all posts                                              00:03 +30: /Users/chiiefbaka/prototype_0_0_1/test/providers/post_provider_test.dart: PostProvider Tests Category Filtering Street category filters correctly                                           00:03 +31: /Users/chiiefbaka/prototype_0_0_1/test/providers/post_provider_test.dart: PostProvider Tests Category Filtering Street category filters correctly                                           00:03 +31: /Users/chiiefbaka/prototype_0_0_1/test/providers/post_provider_test.dart: PostProvider Tests Category Filtering categories list is correct                                                  00:03 +32: /Users/chiiefbaka/prototype_0_0_1/test/providers/post_provider_test.dart: PostProvider Tests Category Filtering categories list is correct                                                  00:03 +32: /Users/chiiefbaka/prototype_0_0_1/test/providers/post_provider_test.dart: PostProvider Tests Category Filtering setCategory validates category                                              00:03 +33: /Users/chiiefbaka/prototype_0_0_1/test/providers/post_provider_test.dart: PostProvider Tests Category Filtering setCategory validates category                                              00:03 +33: /Users/chiiefbaka/prototype_0_0_1/test/providers/post_provider_test.dart: PostProvider Tests Search Filtering search by title works                                                         00:03 +34: /Users/chiiefbaka/prototype_0_0_1/test/providers/post_provider_test.dart: PostProvider Tests Search Filtering search by title works                                                         00:03 +34: /Users/chiiefbaka/prototype_0_0_1/test/providers/post_provider_test.dart: PostProvider Tests Search Filtering search by description works                                                   00:03 +35: /Users/chiiefbaka/prototype_0_0_1/test/providers/post_provider_test.dart: PostProvider Tests Search Filtering search by description works                                                   00:03 +35: /Users/chiiefbaka/prototype_0_0_1/test/providers/post_provider_test.dart: PostProvider Tests Search Filtering search by tags works                                                          00:03 +36: /Users/chiiefbaka/prototype_0_0_1/test/providers/post_provider_test.dart: PostProvider Tests Search Filtering search by tags works                                                          00:03 +36: /Users/chiiefbaka/prototype_0_0_1/test/providers/post_provider_test.dart: PostProvider Tests Search Filtering search is case insensitive                                                    00:03 +37: /Users/chiiefbaka/prototype_0_0_1/test/providers/post_provider_test.dart: PostProvider Tests Search Filtering search is case insensitive                                                    00:03 +37: /Users/chiiefbaka/prototype_0_0_1/test/providers/post_provider_test.dart: PostProvider Tests Search Filtering empty search returns all posts                                                00:03 +38: /Users/chiiefbaka/prototype_0_0_1/test/providers/post_provider_test.dart: PostProvider Tests Search Filtering empty search returns all posts                                                00:03 +38: /Users/chiiefbaka/prototype_0_0_1/test/providers/post_provider_test.dart: PostProvider Tests Search Filtering clearFilters resets state                                                     00:03 +39: /Users/chiiefbaka/prototype_0_0_1/test/providers/post_provider_test.dart: PostProvider Tests Search Filtering clearFilters resets state                                                     00:03 +39: /Users/chiiefbaka/prototype_0_0_1/test/providers/post_provider_test.dart: PostProvider Tests Post Operations getPostById finds correct post                                                 00:03 +40: /Users/chiiefbaka/prototype_0_0_1/test/providers/post_provider_test.dart: PostProvider Tests Post Operations getPostById finds correct post                                                 00:03 +40: /Users/chiiefbaka/prototype_0_0_1/test/providers/post_provider_test.dart: PostProvider Tests Post Operations removePost removes correct post                                                00:03 +41: /Users/chiiefbaka/prototype_0_0_1/test/providers/post_provider_test.dart: PostProvider Tests Post Operations removePost removes correct post                                                00:04 +41: /Users/chiiefbaka/prototype_0_0_1/test/providers/post_provider_test.dart: PostProvider Tests Post Operations removePost removes correct post                                                00:04 +41: loading /Users/chiiefbaka/prototype_0_0_1/test/utils/duration_utils_test.dart                                                                                                               00:04 +41: /Users/chiiefbaka/prototype_0_0_1/test/utils/duration_utils_test.dart: DurationUtils formatShort returns N/A for null duration                                                              00:04 +42: /Users/chiiefbaka/prototype_0_0_1/test/utils/duration_utils_test.dart: DurationUtils formatShort returns N/A for null duration                                                              00:04 +42: /Users/chiiefbaka/prototype_0_0_1/test/utils/duration_utils_test.dart: DurationUtils formatShort returns Expired for zero duration                                                          00:04 +43: /Users/chiiefbaka/prototype_0_0_1/test/utils/duration_utils_test.dart: DurationUtils formatShort returns Expired for zero duration                                                          00:04 +43: /Users/chiiefbaka/prototype_0_0_1/test/utils/duration_utils_test.dart: DurationUtils formatShort returns Expired for negative duration                                                      00:04 +44: /Users/chiiefbaka/prototype_0_0_1/test/utils/duration_utils_test.dart: DurationUtils formatShort returns Expired for negative duration                                                      00:04 +44: /Users/chiiefbaka/prototype_0_0_1/test/utils/duration_utils_test.dart: DurationUtils formatShort formats hours and minutes correctly                                                        00:04 +45: /Users/chiiefbaka/prototype_0_0_1/test/utils/duration_utils_test.dart: DurationUtils formatShort formats hours and minutes correctly                                                        00:04 +45: /Users/chiiefbaka/prototype_0_0_1/test/utils/duration_utils_test.dart: DurationUtils formatShort formats minutes and seconds correctly                                                      00:04 +46: /Users/chiiefbaka/prototype_0_0_1/test/utils/duration_utils_test.dart: DurationUtils formatShort formats minutes and seconds correctly                                                      00:04 +46: /Users/chiiefbaka/prototype_0_0_1/test/utils/duration_utils_test.dart: DurationUtils formatShort formats seconds only correctly                                                             00:04 +47: /Users/chiiefbaka/prototype_0_0_1/test/utils/duration_utils_test.dart: DurationUtils formatShort formats seconds only correctly                                                             00:04 +47: /Users/chiiefbaka/prototype_0_0_1/test/utils/duration_utils_test.dart: DurationUtils formatLong returns Not available for null duration                                                     00:04 +48: /Users/chiiefbaka/prototype_0_0_1/test/utils/duration_utils_test.dart: DurationUtils formatLong returns Not available for null duration                                                     00:04 +48: /Users/chiiefbaka/prototype_0_0_1/test/utils/duration_utils_test.dart: DurationUtils formatLong returns Expired for zero duration                                                           00:04 +49: /Users/chiiefbaka/prototype_0_0_1/test/utils/duration_utils_test.dart: DurationUtils formatLong returns Expired for zero duration                                                           00:04 +49: /Users/chiiefbaka/prototype_0_0_1/test/utils/duration_utils_test.dart: DurationUtils formatLong returns Expired for negative duration                                                       00:04 +50: /Users/chiiefbaka/prototype_0_0_1/test/utils/duration_utils_test.dart: DurationUtils formatLong returns Expired for negative duration                                                       00:04 +50: /Users/chiiefbaka/prototype_0_0_1/test/utils/duration_utils_test.dart: DurationUtils formatLong formats singular hour correctly                                                             00:04 +51: /Users/chiiefbaka/prototype_0_0_1/test/utils/duration_utils_test.dart: DurationUtils formatLong formats singular hour correctly                                                             00:04 +51: /Users/chiiefbaka/prototype_0_0_1/test/utils/duration_utils_test.dart: DurationUtils formatLong formats plural hours correctly                                                              00:04 +52: /Users/chiiefbaka/prototype_0_0_1/test/utils/duration_utils_test.dart: DurationUtils formatLong formats plural hours correctly                                                              00:04 +52: /Users/chiiefbaka/prototype_0_0_1/test/utils/duration_utils_test.dart: DurationUtils formatLong formats singular minute correctly                                                           00:04 +53: /Users/chiiefbaka/prototype_0_0_1/test/utils/duration_utils_test.dart: DurationUtils formatLong formats singular minute correctly                                                           00:04 +53: /Users/chiiefbaka/prototype_0_0_1/test/utils/duration_utils_test.dart: DurationUtils formatLong formats plural minutes correctly                                                            00:04 +54: /Users/chiiefbaka/prototype_0_0_1/test/utils/duration_utils_test.dart: DurationUtils formatLong formats plural minutes correctly                                                            00:04 +54: /Users/chiiefbaka/prototype_0_0_1/test/utils/duration_utils_test.dart: DurationUtils formatLong formats hours and minutes together                                                          00:04 +55: /Users/chiiefbaka/prototype_0_0_1/test/utils/duration_utils_test.dart: DurationUtils formatLong formats hours and minutes together                                                          00:04 +55: /Users/chiiefbaka/prototype_0_0_1/test/utils/duration_utils_test.dart: DurationUtils formatLong includes seconds when no hours                                                              00:04 +56: /Users/chiiefbaka/prototype_0_0_1/test/utils/duration_utils_test.dart: DurationUtils formatLong includes seconds when no hours                                                              00:04 +56: /Users/chiiefbaka/prototype_0_0_1/test/utils/duration_utils_test.dart: DurationUtils formatLong excludes seconds when hours present                                                         00:04 +57: /Users/chiiefbaka/prototype_0_0_1/test/utils/duration_utils_test.dart: DurationUtils formatLong excludes seconds when hours present                                                         00:04 +57: /Users/chiiefbaka/prototype_0_0_1/test/utils/duration_utils_test.dart: DurationUtils formatLong returns 0 seconds for empty duration parts                                                  00:05 +57: /Users/chiiefbaka/prototype_0_0_1/test/utils/duration_utils_test.dart: DurationUtils formatLong returns 0 seconds for empty duration parts                                                  00:05 +58: /Users/chiiefbaka/prototype_0_0_1/test/utils/duration_utils_test.dart: DurationUtils formatLong returns 0 seconds for empty duration parts                                                  00:05 +58: /Users/chiiefbaka/prototype_0_0_1/test/utils/duration_utils_test.dart: DurationUtils formatRelative returns No deadline for null deadline                                                   00:05 +59: /Users/chiiefbaka/prototype_0_0_1/test/utils/duration_utils_test.dart: DurationUtils formatRelative returns No deadline for null deadline                                                   00:05 +59: /Users/chiiefbaka/prototype_0_0_1/test/utils/duration_utils_test.dart: DurationUtils formatRelative returns Expired for past deadline                                                       00:05 +60: /Users/chiiefbaka/prototype_0_0_1/test/utils/duration_utils_test.dart: DurationUtils formatRelative returns Expired for past deadline                                                       00:05 +60: /Users/chiiefbaka/prototype_0_0_1/test/utils/duration_utils_test.dart: DurationUtils formatRelative formats future deadline correctly                                                       00:05 +61: /Users/chiiefbaka/prototype_0_0_1/test/utils/duration_utils_test.dart: DurationUtils formatRelative formats future deadline correctly                                                       00:05 +61: /Users/chiiefbaka/prototype_0_0_1/test/utils/duration_utils_test.dart: DurationUtils formatCountdown returns --:-- for null duration                                                        00:05 +62: /Users/chiiefbaka/prototype_0_0_1/test/utils/duration_utils_test.dart: DurationUtils formatCountdown returns --:-- for null duration                                                        00:05 +62: /Users/chiiefbaka/prototype_0_0_1/test/utils/duration_utils_test.dart: DurationUtils formatCountdown returns 00:00 for zero duration                                                        00:05 +63: /Users/chiiefbaka/prototype_0_0_1/test/utils/duration_utils_test.dart: DurationUtils formatCountdown returns 00:00 for zero duration                                                        00:05 +63: /Users/chiiefbaka/prototype_0_0_1/test/utils/duration_utils_test.dart: DurationUtils formatCountdown returns 00:00 for negative duration                                                    00:05 +64: /Users/chiiefbaka/prototype_0_0_1/test/utils/duration_utils_test.dart: DurationUtils formatCountdown returns 00:00 for negative duration                                                    00:05 +64: /Users/chiiefbaka/prototype_0_0_1/test/utils/duration_utils_test.dart: DurationUtils formatCountdown formats minutes and seconds with padding                                               00:05 +65: /Users/chiiefbaka/prototype_0_0_1/test/utils/duration_utils_test.dart: DurationUtils formatCountdown formats minutes and seconds with padding                                               00:05 +65: /Users/chiiefbaka/prototype_0_0_1/test/utils/duration_utils_test.dart: DurationUtils formatCountdown formats with hours when present                                                        00:05 +66: /Users/chiiefbaka/prototype_0_0_1/test/utils/duration_utils_test.dart: DurationUtils formatCountdown formats with hours when present                                                        00:05 +66: /Users/chiiefbaka/prototype_0_0_1/test/utils/duration_utils_test.dart: DurationUtils formatCountdown pads all components correctly                                                          00:05 +67: /Users/chiiefbaka/prototype_0_0_1/test/utils/duration_utils_test.dart: DurationUtils formatCountdown pads all components correctly                                                          00:05 +67: loading /Users/chiiefbaka/prototype_0_0_1/test/models/battle_test.dart                                                                                                                      00:05 +67: /Users/chiiefbaka/prototype_0_0_1/test/models/battle_test.dart: Battle Model getGameLetters() returns SKATE for skate mode                                                                  00:05 +68: /Users/chiiefbaka/prototype_0_0_1/test/models/battle_test.dart: Battle Model getGameLetters() returns SKATE for skate mode                                                                  00:05 +68: /Users/chiiefbaka/prototype_0_0_1/test/models/battle_test.dart: Battle Model getGameLetters() returns SK8 for sk8 mode                                                                      00:05 +69: /Users/chiiefbaka/prototype_0_0_1/test/models/battle_test.dart: Battle Model getGameLetters() returns SK8 for sk8 mode                                                                      00:05 +69: /Users/chiiefbaka/prototype_0_0_1/test/models/battle_test.dart: Battle Model getGameLetters() returns custom letters for custom mode                                                        00:05 +70: /Users/chiiefbaka/prototype_0_0_1/test/models/battle_test.dart: Battle Model getGameLetters() returns custom letters for custom mode                                                        00:05 +70: /Users/chiiefbaka/prototype_0_0_1/test/models/battle_test.dart: Battle Model isComplete() returns true when player1 has full letters                                                        00:05 +71: /Users/chiiefbaka/prototype_0_0_1/test/models/battle_test.dart: Battle Model isComplete() returns true when player1 has full letters                                                        00:05 +71: /Users/chiiefbaka/prototype_0_0_1/test/models/battle_test.dart: Battle Model isComplete() returns true when player2 has full letters                                                        00:05 +72: /Users/chiiefbaka/prototype_0_0_1/test/models/battle_test.dart: Battle Model isComplete() returns true when player2 has full letters                                                        00:05 +72: /Users/chiiefbaka/prototype_0_0_1/test/models/battle_test.dart: Battle Model isComplete() returns false when neither player has full letters                                                00:05 +73: /Users/chiiefbaka/prototype_0_0_1/test/models/battle_test.dart: Battle Model isComplete() returns false when neither player has full letters                                                00:05 +73: /Users/chiiefbaka/prototype_0_0_1/test/models/battle_test.dart: Battle Model getRemainingTime() returns null when no deadline set                                                           00:05 +74: /Users/chiiefbaka/prototype_0_0_1/test/models/battle_test.dart: Battle Model getRemainingTime() returns null when no deadline set                                                           00:05 +74: /Users/chiiefbaka/prototype_0_0_1/test/models/battle_test.dart: Battle Model getRemainingTime() returns Duration.zero when deadline passed                                                  00:05 +75: /Users/chiiefbaka/prototype_0_0_1/test/models/battle_test.dart: Battle Model getRemainingTime() returns Duration.zero when deadline passed                                                  00:05 +75: /Users/chiiefbaka/prototype_0_0_1/test/models/battle_test.dart: Battle Model isTimerExpired() returns false when no deadline                                                                00:05 +76: /Users/chiiefbaka/prototype_0_0_1/test/models/battle_test.dart: Battle Model isTimerExpired() returns false when no deadline                                                                00:05 +76: /Users/chiiefbaka/prototype_0_0_1/test/models/battle_test.dart: Battle Model isTimerExpired() returns true when deadline passed                                                             00:05 +77: /Users/chiiefbaka/prototype_0_0_1/test/models/battle_test.dart: Battle Model isTimerExpired() returns true when deadline passed                                                             00:05 +77: /Users/chiiefbaka/prototype_0_0_1/test/models/battle_test.dart: Battle Model getTimerDuration() returns 4 minutes 20 seconds for quickfire                                                  00:05 +78: /Users/chiiefbaka/prototype_0_0_1/test/models/battle_test.dart: Battle Model getTimerDuration() returns 4 minutes 20 seconds for quickfire                                                  00:05 +78: /Users/chiiefbaka/prototype_0_0_1/test/models/battle_test.dart: Battle Model getTimerDuration() returns 24 hours for regular battle                                                         00:05 +79: /Users/chiiefbaka/prototype_0_0_1/test/models/battle_test.dart: Battle Model getTimerDuration() returns 24 hours for regular battle                                                         00:05 +79: /Users/chiiefbaka/prototype_0_0_1/test/models/battle_test.dart: Battle Model toMap() serializes battle correctly                                                                            00:05 +80: /Users/chiiefbaka/prototype_0_0_1/test/models/battle_test.dart: Battle Model toMap() serializes battle correctly                                                                            00:05 +80: /Users/chiiefbaka/prototype_0_0_1/test/models/battle_test.dart: Battle Model fromMap() creates valid Battle from map                                                                        00:05 +81: /Users/chiiefbaka/prototype_0_0_1/test/models/battle_test.dart: Battle Model fromMap() creates valid Battle from map                                                                        00:05 +81: /Users/chiiefbaka/prototype_0_0_1/test/models/battle_test.dart: Battle Model copyWith() creates new instance with updated values                                                            00:05 +82: /Users/chiiefbaka/prototype_0_0_1/test/models/battle_test.dart: Battle Model copyWith() creates new instance with updated values                                                            00:06 +82: /Users/chiiefbaka/prototype_0_0_1/test/models/battle_test.dart: Battle Model copyWith() creates new instance with updated values                                                            00:06 +82: loading /Users/chiiefbaka/prototype_0_0_1/test/models/post_test.dart                                                                                                                        00:06 +82: /Users/chiiefbaka/prototype_0_0_1/test/models/post_test.dart: MapPost Model fromMap() creates valid MapPost from JSON                                                                       00:06 +83: /Users/chiiefbaka/prototype_0_0_1/test/models/post_test.dart: MapPost Model fromMap() creates valid MapPost from JSON                                                                       00:06 +83: /Users/chiiefbaka/prototype_0_0_1/test/models/post_test.dart: MapPost Model fromMap() handles null/missing optional fields                                                                  00:06 +84: /Users/chiiefbaka/prototype_0_0_1/test/models/post_test.dart: MapPost Model fromMap() handles null/missing optional fields                                                                  00:06 +84: /Users/chiiefbaka/prototype_0_0_1/test/models/post_test.dart: MapPost Model toMap() serializes MapPost correctly                                                                            00:06 +84 -1: /Users/chiiefbaka/prototype_0_0_1/test/models/post_test.dart: MapPost Model toMap() serializes MapPost correctly [E]                                                                     
  Expected: 'https://example.com/photo.jpg'
    Actual: <null>
     Which: not an <Instance of 'String'>
  
  package:matcher                                     expect
  package:flutter_test/src/widget_tester.dart 473:18  expect
  test/models/post_test.dart 113:7                    main.<fn>.<fn>
  

To run this test again: /Users/chiiefbaka/flutter/bin/cache/dart-sdk/bin/dart test /Users/chiiefbaka/prototype_0_0_1/test/models/post_test.dart -p vm --plain-name 'MapPost Model toMap() serializes MapPost correctly'
00:06 +84 -1: /Users/chiiefbaka/prototype_0_0_1/test/models/post_test.dart: MapPost Model toMap() does not include id field                                                                            00:06 +85 -1: /Users/chiiefbaka/prototype_0_0_1/test/models/post_test.dart: MapPost Model toMap() does not include id field                                                                            00:06 +85 -1: /Users/chiiefbaka/prototype_0_0_1/test/models/post_test.dart: MapPost Model fromMap() handles numeric ratings correctly                                                                  00:06 +86 -1: /Users/chiiefbaka/prototype_0_0_1/test/models/post_test.dart: MapPost Model fromMap() handles numeric ratings correctly                                                                  00:06 +86 -1: /Users/chiiefbaka/prototype_0_0_1/test/models/post_test.dart: MapPost Model MapPost default values are set correctly                                                                     00:06 +87 -1: /Users/chiiefbaka/prototype_0_0_1/test/models/post_test.dart: MapPost Model MapPost default values are set correctly                                                                     00:06 +87 -1: /Users/chiiefbaka/prototype_0_0_1/test/models/post_test.dart: MapPost Model fromMap() parses created_at datetime correctly                                                               00:06 +88 -1: /Users/chiiefbaka/prototype_0_0_1/test/models/post_test.dart: MapPost Model fromMap() parses created_at datetime correctly                                                               00:06 +88 -1: /Users/chiiefbaka/prototype_0_0_1/test/models/post_test.dart: MapPost Model fromMap() handles tags list correctly                                                                        00:06 +89 -1: /Users/chiiefbaka/prototype_0_0_1/test/models/post_test.dart: MapPost Model fromMap() handles tags list correctly                                                                        00:06 +89 -1: /Users/chiiefbaka/prototype_0_0_1/test/models/post_test.dart: MapPost Model toMap() includes created_at as ISO string                                                                    00:06 +90 -1: /Users/chiiefbaka/prototype_0_0_1/test/models/post_test.dart: MapPost Model toMap() includes created_at as ISO string                                                                    00:06 +90 -1: loading /Users/chiiefbaka/prototype_0_0_1/test/screens/battle_detail_screen_test.dart                                                                                                    00:06 +90 -1: /Users/chiiefbaka/prototype_0_0_1/test/screens/battle_detail_screen_test.dart: BattleDetailScreen Logic Tests Battle State Management isPlayer1 is correctly determined                  00:06 +91 -1: /Users/chiiefbaka/prototype_0_0_1/test/screens/battle_detail_screen_test.dart: BattleDetailScreen Logic Tests Battle State Management isPlayer1 is correctly determined                  00:06 +91 -1: /Users/chiiefbaka/prototype_0_0_1/test/screens/battle_detail_screen_test.dart: BattleDetailScreen Logic Tests Battle State Management isMyTurn correctly identifies turn                 00:06 +92 -1: /Users/chiiefbaka/prototype_0_0_1/test/screens/battle_detail_screen_test.dart: BattleDetailScreen Logic Tests Battle State Management isMyTurn correctly identifies turn                 00:06 +92 -1: /Users/chiiefbaka/prototype_0_0_1/test/screens/battle_detail_screen_test.dart: BattleDetailScreen Logic Tests Game Mode Labels SKATE mode displays correct label                         00:06 +93 -1: /Users/chiiefbaka/prototype_0_0_1/test/screens/battle_detail_screen_test.dart: BattleDetailScreen Logic Tests Game Mode Labels SKATE mode displays correct label                         00:06 +93 -1: /Users/chiiefbaka/prototype_0_0_1/test/screens/battle_detail_screen_test.dart: BattleDetailScreen Logic Tests Game Mode Labels SK8 mode displays correct label                           00:06 +94 -1: /Users/chiiefbaka/prototype_0_0_1/test/screens/battle_detail_screen_test.dart: BattleDetailScreen Logic Tests Game Mode Labels SK8 mode displays correct label                           00:06 +94 -1: /Users/chiiefbaka/prototype_0_0_1/test/screens/battle_detail_screen_test.dart: BattleDetailScreen Logic Tests Game Mode Labels Custom mode displays correct label                        00:06 +95 -1: /Users/chiiefbaka/prototype_0_0_1/test/screens/battle_detail_screen_test.dart: BattleDetailScreen Logic Tests Game Mode Labels Custom mode displays correct label                        00:06 +95 -1: /Users/chiiefbaka/prototype_0_0_1/test/screens/battle_detail_screen_test.dart: BattleDetailScreen Logic Tests Trick Status Labels Setting trick state                                    00:06 +96 -1: /Users/chiiefbaka/prototype_0_0_1/test/screens/battle_detail_screen_test.dart: BattleDetailScreen Logic Tests Trick Status Labels Setting trick state                                    00:06 +96 -1: /Users/chiiefbaka/prototype_0_0_1/test/screens/battle_detail_screen_test.dart: BattleDetailScreen Logic Tests Trick Status Labels Attempting trick state                                 00:06 +97 -1: /Users/chiiefbaka/prototype_0_0_1/test/screens/battle_detail_screen_test.dart: BattleDetailScreen Logic Tests Trick Status Labels Attempting trick state                                 00:06 +97 -1: /Users/chiiefbaka/prototype_0_0_1/test/screens/battle_detail_screen_test.dart: BattleDetailScreen Logic Tests Trick Status Labels Voting state                                           00:06 +98 -1: /Users/chiiefbaka/prototype_0_0_1/test/screens/battle_detail_screen_test.dart: BattleDetailScreen Logic Tests Trick Status Labels Voting state                                           00:06 +98 -1: /Users/chiiefbaka/prototype_0_0_1/test/screens/battle_detail_screen_test.dart: BattleDetailScreen Logic Tests Verification Status Labels Pending status                                  00:06 +99 -1: /Users/chiiefbaka/prototype_0_0_1/test/screens/battle_detail_screen_test.dart: BattleDetailScreen Logic Tests Verification Status Labels Pending status                                  00:06 +99 -1: /Users/chiiefbaka/prototype_0_0_1/test/screens/battle_detail_screen_test.dart: BattleDetailScreen Logic Tests Letters Progress My letters vs opponent letters correctly identified       00:06 +100 -1: /Users/chiiefbaka/prototype_0_0_1/test/screens/battle_detail_screen_test.dart: BattleDetailScreen Logic Tests Letters Progress My letters vs opponent letters correctly identified      00:06 +100 -1: /Users/chiiefbaka/prototype_0_0_1/test/screens/battle_detail_screen_test.dart: BattleDetailScreen Logic Tests Letters Progress Progress calculation                                     00:06 +101 -1: /Users/chiiefbaka/prototype_0_0_1/test/screens/battle_detail_screen_test.dart: BattleDetailScreen Logic Tests Letters Progress Progress calculation                                     00:06 +101 -1: /Users/chiiefbaka/prototype_0_0_1/test/screens/battle_detail_screen_test.dart: BattleDetailScreen Logic Tests Timer Formatting Format duration with hours                               00:07 +101 -1: /Users/chiiefbaka/prototype_0_0_1/test/screens/battle_detail_screen_test.dart: BattleDetailScreen Logic Tests Timer Formatting Format duration with hours                               00:07 +102 -1: /Users/chiiefbaka/prototype_0_0_1/test/screens/battle_detail_screen_test.dart: BattleDetailScreen Logic Tests Timer Formatting Format duration with hours                               00:07 +102 -1: /Users/chiiefbaka/prototype_0_0_1/test/screens/battle_detail_screen_test.dart: BattleDetailScreen Logic Tests Timer Formatting Format duration without hours                            00:07 +103 -1: /Users/chiiefbaka/prototype_0_0_1/test/screens/battle_detail_screen_test.dart: BattleDetailScreen Logic Tests Timer Formatting Format duration without hours                            00:07 +103 -1: /Users/chiiefbaka/prototype_0_0_1/test/screens/battle_detail_screen_test.dart: BattleDetailScreen Logic Tests Timer Formatting DurationUtils formatShort handles various durations      00:07 +104 -1: /Users/chiiefbaka/prototype_0_0_1/test/screens/battle_detail_screen_test.dart: BattleDetailScreen Logic Tests Timer Formatting DurationUtils formatShort handles various durations      00:07 +104 -1: /Users/chiiefbaka/prototype_0_0_1/test/screens/battle_detail_screen_test.dart: BattleDetailScreen Logic Tests Bet and Wager Logic Battle with bet amount                                00:07 +105 -1: /Users/chiiefbaka/prototype_0_0_1/test/screens/battle_detail_screen_test.dart: BattleDetailScreen Logic Tests Bet and Wager Logic Battle with bet amount                                00:07 +105 -1: /Users/chiiefbaka/prototype_0_0_1/test/screens/battle_detail_screen_test.dart: BattleDetailScreen Logic Tests Bet and Wager Logic Battle without bet                                    00:07 +106 -1: /Users/chiiefbaka/prototype_0_0_1/test/screens/battle_detail_screen_test.dart: BattleDetailScreen Logic Tests Bet and Wager Logic Battle without bet                                    00:07 +106 -1: /Users/chiiefbaka/prototype_0_0_1/test/screens/battle_detail_screen_test.dart: BattleDetailScreen Logic Tests Upload Availability Logic canUploadSet when is my turn and no set trick   00:07 +107 -1: /Users/chiiefbaka/prototype_0_0_1/test/screens/battle_detail_screen_test.dart: BattleDetailScreen Logic Tests Upload Availability Logic canUploadSet when is my turn and no set trick   00:07 +107 -1: /Users/chiiefbaka/prototype_0_0_1/test/screens/battle_detail_screen_test.dart: ... Logic Tests Upload Availability Logic canUploadAttempt when not my turn and set trick exists         00:07 +108 -1: /Users/chiiefbaka/prototype_0_0_1/test/screens/battle_detail_screen_test.dart: ... Logic Tests Upload Availability Logic canUploadAttempt when not my turn and set trick exists         00:07 +108 -1: loading /Users/chiiefbaka/prototype_0_0_1/test/services/battle_service_test.dart                                                                                                        00:07 +108 -1: /Users/chiiefbaka/prototype_0_0_1/test/services/battle_service_test.dart: BattleService Logic Timer duration calculations quickfire timer is 4 minutes 20 seconds                       00:07 +109 -1: /Users/chiiefbaka/prototype_0_0_1/test/services/battle_service_test.dart: BattleService Logic Timer duration calculations quickfire timer is 4 minutes 20 seconds                       00:07 +109 -1: /Users/chiiefbaka/prototype_0_0_1/test/services/battle_service_test.dart: BattleService Logic Timer duration calculations regular timer is 24 hours                                     00:07 +110 -1: /Users/chiiefbaka/prototype_0_0_1/test/services/battle_service_test.dart: BattleService Logic Timer duration calculations regular timer is 24 hours                                     00:07 +110 -1: /Users/chiiefbaka/prototype_0_0_1/test/services/battle_service_test.dart: BattleService Logic Battle model operations Battle can be created with required fields                        00:07 +111 -1: /Users/chiiefbaka/prototype_0_0_1/test/services/battle_service_test.dart: BattleService Logic Battle model operations Battle can be created with required fields                        00:07 +111 -1: /Users/chiiefbaka/prototype_0_0_1/test/services/battle_service_test.dart: BattleService Logic Battle model operations getGameLetters returns SKATE for skate mode                       00:07 +112 -1: /Users/chiiefbaka/prototype_0_0_1/test/services/battle_service_test.dart: BattleService Logic Battle model operations getGameLetters returns SKATE for skate mode                       00:07 +112 -1: /Users/chiiefbaka/prototype_0_0_1/test/services/battle_service_test.dart: BattleService Logic Battle model operations getGameLetters returns SK8 for sk8 mode                           00:07 +113 -1: /Users/chiiefbaka/prototype_0_0_1/test/services/battle_service_test.dart: BattleService Logic Battle model operations getGameLetters returns SK8 for sk8 mode                           00:07 +113 -1: /Users/chiiefbaka/prototype_0_0_1/test/services/battle_service_test.dart: BattleService Logic Battle model operations getGameLetters returns custom letters for custom mode             00:07 +114 -1: /Users/chiiefbaka/prototype_0_0_1/test/services/battle_service_test.dart: BattleService Logic Battle model operations getGameLetters returns custom letters for custom mode             00:07 +114 -1: /Users/chiiefbaka/prototype_0_0_1/test/services/battle_service_test.dart: BattleService Logic Battle model operations isComplete returns true when player1 has full letters             00:07 +115 -1: /Users/chiiefbaka/prototype_0_0_1/test/services/battle_service_test.dart: BattleService Logic Battle model operations isComplete returns true when player1 has full letters             00:07 +115 -1: /Users/chiiefbaka/prototype_0_0_1/test/services/battle_service_test.dart: BattleService Logic Battle model operations isComplete returns true when player2 has full letters             00:07 +116 -1: /Users/chiiefbaka/prototype_0_0_1/test/services/battle_service_test.dart: BattleService Logic Battle model operations isComplete returns true when player2 has full letters             00:07 +116 -1: /Users/chiiefbaka/prototype_0_0_1/test/services/battle_service_test.dart: BattleService Logic Battle model operations isComplete returns false when neither has full letters            00:07 +117 -1: /Users/chiiefbaka/prototype_0_0_1/test/services/battle_service_test.dart: BattleService Logic Battle model operations isComplete returns false when neither has full letters            00:07 +117 -1: /Users/chiiefbaka/prototype_0_0_1/test/services/battle_service_test.dart: BattleService Logic Score calculations winner gains 10 points                                                 00:07 +118 -1: /Users/chiiefbaka/prototype_0_0_1/test/services/battle_service_test.dart: BattleService Logic Score calculations winner gains 10 points                                                 00:07 +118 -1: /Users/chiiefbaka/prototype_0_0_1/test/services/battle_service_test.dart: BattleService Logic Score calculations loser loses points based on letters                                    00:07 +119 -1: /Users/chiiefbaka/prototype_0_0_1/test/services/battle_service_test.dart: BattleService Logic Score calculations loser loses points based on letters                                    00:07 +119 -1: /Users/chiiefbaka/prototype_0_0_1/test/services/battle_service_test.dart: BattleService Logic Score calculations score clamping works correctly                                         00:07 +120 -1: /Users/chiiefbaka/prototype_0_0_1/test/services/battle_service_test.dart: BattleService Logic Score calculations score clamping works correctly                                         00:07 +120 -1: /Users/chiiefbaka/prototype_0_0_1/test/services/battle_service_test.dart: BattleService Logic Score calculations negative score is clamped to 0                                         00:07 +121 -1: /Users/chiiefbaka/prototype_0_0_1/test/services/battle_service_test.dart: BattleService Logic Score calculations negative score is clamped to 0                                         00:07 +121 -1: /Users/chiiefbaka/prototype_0_0_1/test/services/battle_service_test.dart: BattleService Logic Bet and wager logic pot amount is double the bet                                          00:07 +122 -1: /Users/chiiefbaka/prototype_0_0_1/test/services/battle_service_test.dart: BattleService Logic Bet and wager logic pot amount is double the bet                                          00:07 +122 -1: /Users/chiiefbaka/prototype_0_0_1/test/services/battle_service_test.dart: BattleService Logic Bet and wager logic battle with no bet is auto-accepted                                   00:07 +123 -1: /Users/chiiefbaka/prototype_0_0_1/test/services/battle_service_test.dart: BattleService Logic Bet and wager logic battle with no bet is auto-accepted                                   00:07 +123 -1: /Users/chiiefbaka/prototype_0_0_1/test/services/battle_service_test.dart: BattleService Logic Bet and wager logic battle with bet requires acceptance                                   00:07 +124 -1: /Users/chiiefbaka/prototype_0_0_1/test/services/battle_service_test.dart: BattleService Logic Bet and wager logic battle with bet requires acceptance                                   00:07 +124 -1: /Users/chiiefbaka/prototype_0_0_1/test/services/battle_service_test.dart: BattleService Logic Turn switching logic turn switches from player1 to player2                                00:07 +125 -1: /Users/chiiefbaka/prototype_0_0_1/test/services/battle_service_test.dart: BattleService Logic Turn switching logic turn switches from player1 to player2                                00:07 +125 -1: /Users/chiiefbaka/prototype_0_0_1/test/services/battle_service_test.dart: BattleService Logic Turn switching logic turn switches from player2 to player1                                00:07 +126 -1: /Users/chiiefbaka/prototype_0_0_1/test/services/battle_service_test.dart: BattleService Logic Turn switching logic turn switches from player2 to player1                                00:07 +126 -1: /Users/chiiefbaka/prototype_0_0_1/test/services/battle_service_test.dart: BattleService Logic Timer expiry checks expired timer returns Duration.zero                                   00:07 +127 -1: /Users/chiiefbaka/prototype_0_0_1/test/services/battle_service_test.dart: BattleService Logic Timer expiry checks expired timer returns Duration.zero                                   00:07 +127 -1: /Users/chiiefbaka/prototype_0_0_1/test/services/battle_service_test.dart: BattleService Logic Timer expiry checks future deadline returns positive duration                             00:07 +128 -1: /Users/chiiefbaka/prototype_0_0_1/test/services/battle_service_test.dart: BattleService Logic Timer expiry checks future deadline returns positive duration                             00:07 +128 -1: loading /Users/chiiefbaka/prototype_0_0_1/test/services/admin_service_test.dart                                                                                                         00:07 +128 -1: /Users/chiiefbaka/prototype_0_0_1/test/services/admin_service_test.dart: AdminService AdminService instantiation can be created without client                                          00:07 +129 -1: /Users/chiiefbaka/prototype_0_0_1/test/services/admin_service_test.dart: AdminService AdminService instantiation can be created without client                                          00:07 +129 -1: /Users/chiiefbaka/prototype_0_0_1/test/services/admin_service_test.dart: AdminService AdminService instantiation can be created with null client                                        00:07 +130 -1: /Users/chiiefbaka/prototype_0_0_1/test/services/admin_service_test.dart: AdminService AdminService instantiation can be created with null client                                        00:07 +130 -1: /Users/chiiefbaka/prototype_0_0_1/test/services/admin_service_test.dart: AdminService Hardcoded admin email checks default admin emails list contains expected values                   00:07 +131 -1: /Users/chiiefbaka/prototype_0_0_1/test/services/admin_service_test.dart: AdminService Hardcoded admin email checks default admin emails list contains expected values                   00:07 +131 -1: /Users/chiiefbaka/prototype_0_0_1/test/services/admin_service_test.dart: AdminService Hardcoded admin email checks admin email check works with split list                              00:07 +132 -1: /Users/chiiefbaka/prototype_0_0_1/test/services/admin_service_test.dart: AdminService Hardcoded admin email checks admin email check works with split list                              00:07 +132 -1: /Users/chiiefbaka/prototype_0_0_1/test/services/admin_service_test.dart: AdminService Hardcoded admin email checks regular email is not in admin list                                   00:07 +133 -1: /Users/chiiefbaka/prototype_0_0_1/test/services/admin_service_test.dart: AdminService Hardcoded admin email checks regular email is not in admin list                                   00:07 +133 -1: /Users/chiiefbaka/prototype_0_0_1/test/services/admin_service_test.dart: AdminService Report status values pending is a valid report status                                             00:07 +134 -1: /Users/chiiefbaka/prototype_0_0_1/test/services/admin_service_test.dart: AdminService Report status values pending is a valid report status                                             00:07 +134 -1: /Users/chiiefbaka/prototype_0_0_1/test/services/admin_service_test.dart: AdminService Report status values resolved is a valid report status                                            00:07 +135 -1: /Users/chiiefbaka/prototype_0_0_1/test/services/admin_service_test.dart: AdminService Report status values resolved is a valid report status                                            00:07 +135 -1: /Users/chiiefbaka/prototype_0_0_1/test/services/admin_service_test.dart: AdminService Report status values dismissed is a valid report status                                           00:07 +136 -1: /Users/chiiefbaka/prototype_0_0_1/test/services/admin_service_test.dart: AdminService Report status values dismissed is a valid report status                                           00:07 +136 -1: /Users/chiiefbaka/prototype_0_0_1/test/services/admin_service_test.dart: AdminService Video moderation statuses approved is a valid video status                                        00:07 +137 -1: /Users/chiiefbaka/prototype_0_0_1/test/services/admin_service_test.dart: AdminService Video moderation statuses approved is a valid video status                                        00:07 +137 -1: /Users/chiiefbaka/prototype_0_0_1/test/services/admin_service_test.dart: AdminService Video moderation statuses rejected is a valid video status                                        00:07 +138 -1: /Users/chiiefbaka/prototype_0_0_1/test/services/admin_service_test.dart: AdminService Video moderation statuses rejected is a valid video status                                        00:07 +138 -1: /Users/chiiefbaka/prototype_0_0_1/test/services/admin_service_test.dart: AdminService Video moderation statuses pending is the default video status                                     00:07 +139 -1: /Users/chiiefbaka/prototype_0_0_1/test/services/admin_service_test.dart: AdminService Video moderation statuses pending is the default video status                                     00:07 +139 -1: /Users/chiiefbaka/prototype_0_0_1/test/services/admin_service_test.dart: AdminService Pagination calculations offset calculation is correct for page 1                                  00:07 +140 -1: /Users/chiiefbaka/prototype_0_0_1/test/services/admin_service_test.dart: AdminService Pagination calculations offset calculation is correct for page 1                                  00:07 +140 -1: /Users/chiiefbaka/prototype_0_0_1/test/services/admin_service_test.dart: AdminService Pagination calculations offset calculation is correct for page 2                                  00:07 +141 -1: /Users/chiiefbaka/prototype_0_0_1/test/services/admin_service_test.dart: AdminService Pagination calculations offset calculation is correct for page 2                                  00:07 +141 -1: /Users/chiiefbaka/prototype_0_0_1/test/services/admin_service_test.dart: AdminService Pagination calculations range calculation is correct                                              00:07 +142 -1: /Users/chiiefbaka/prototype_0_0_1/test/services/admin_service_test.dart: AdminService Pagination calculations range calculation is correct                                              00:07 +142 -1: loading /Users/chiiefbaka/prototype_0_0_1/test/services/user_service_test.dart                                                                                                          00:07 +142 -1: /Users/chiiefbaka/prototype_0_0_1/test/services/user_service_test.dart: UserService UserService instantiation can be created without client                                             00:07 +142 -2: /Users/chiiefbaka/prototype_0_0_1/test/services/user_service_test.dart: UserService UserService instantiation can be created without client [E]                                         
  Bad state: GetIt: Object/factory with type AuthService is not registered inside GetIt. 
  (Did you accidentally do GetIt sl=GetIt.instance(); instead of GetIt sl=GetIt.instance;
  Did you forget to register it?)
  package:get_it/get_it_impl.dart 14:19                     throwIfNot
  package:get_it/get_it_impl.dart 618:5                     _GetItImplementation._findRegistrationByNameAndType
  package:get_it/get_it_impl.dart 676:11                    _GetItImplementation._get
  package:get_it/get_it_impl.dart 643:12                    _GetItImplementation.get
  package:get_it/get_it_impl.dart 765:12                    _GetItImplementation.call
  package:prototype_0_0_1/services/user_service.dart 11:41  new UserService
  test/services/user_service_test.dart 12:25                main.<fn>.<fn>.<fn>
  

To run this test again: /Users/chiiefbaka/flutter/bin/cache/dart-sdk/bin/dart test /Users/chiiefbaka/prototype_0_0_1/test/services/user_service_test.dart -p vm --plain-name 'UserService UserService instantiation can be created without client'
00:07 +142 -2: /Users/chiiefbaka/prototype_0_0_1/test/services/user_service_test.dart: UserService UserService instantiation can be created with null client                                           00:07 +142 -3: /Users/chiiefbaka/prototype_0_0_1/test/services/user_service_test.dart: UserService UserService instantiation can be created with null client [E]                                       
  Bad state: GetIt: Object/factory with type AuthService is not registered inside GetIt. 
  (Did you accidentally do GetIt sl=GetIt.instance(); instead of GetIt sl=GetIt.instance;
  Did you forget to register it?)
  package:get_it/get_it_impl.dart 14:19                     throwIfNot
  package:get_it/get_it_impl.dart 618:5                     _GetItImplementation._findRegistrationByNameAndType
  package:get_it/get_it_impl.dart 676:11                    _GetItImplementation._get
  package:get_it/get_it_impl.dart 643:12                    _GetItImplementation.get
  package:get_it/get_it_impl.dart 765:12                    _GetItImplementation.call
  package:prototype_0_0_1/services/user_service.dart 11:41  new UserService
  test/services/user_service_test.dart 17:25                main.<fn>.<fn>.<fn>
  

To run this test again: /Users/chiiefbaka/flutter/bin/cache/dart-sdk/bin/dart test /Users/chiiefbaka/prototype_0_0_1/test/services/user_service_test.dart -p vm --plain-name 'UserService UserService instantiation can be created with null client'
00:07 +142 -3: /Users/chiiefbaka/prototype_0_0_1/test/services/user_service_test.dart: UserService Username validation helpers normalizeUsername lowercases and trims                                  00:07 +143 -3: /Users/chiiefbaka/prototype_0_0_1/test/services/user_service_test.dart: UserService Username validation helpers normalizeUsername lowercases and trims                                  00:07 +143 -3: /Users/chiiefbaka/prototype_0_0_1/test/services/user_service_test.dart: UserService Username validation helpers normalizeUsername handles empty string                                  00:07 +144 -3: /Users/chiiefbaka/prototype_0_0_1/test/services/user_service_test.dart: UserService Username validation helpers normalizeUsername handles empty string                                  00:07 +144 -3: /Users/chiiefbaka/prototype_0_0_1/test/services/user_service_test.dart: UserService Username validation helpers normalizeUsername preserves special characters                          00:07 +145 -3: /Users/chiiefbaka/prototype_0_0_1/test/services/user_service_test.dart: UserService Username validation helpers normalizeUsername preserves special characters                          00:07 +145 -3: /Users/chiiefbaka/prototype_0_0_1/test/services/user_service_test.dart: UserService Email parsing helpers email prefix extraction works correctly                                       00:07 +146 -3: /Users/chiiefbaka/prototype_0_0_1/test/services/user_service_test.dart: UserService Email parsing helpers email prefix extraction works correctly                                       00:07 +146 -3: /Users/chiiefbaka/prototype_0_0_1/test/services/user_service_test.dart: UserService Email parsing helpers email with plus sign prefix works                                             00:07 +147 -3: /Users/chiiefbaka/prototype_0_0_1/test/services/user_service_test.dart: UserService Email parsing helpers email with plus sign prefix works                                             00:07 +147 -3: /Users/chiiefbaka/prototype_0_0_1/test/services/user_service_test.dart: UserService Email parsing helpers email without domain returns full string                                      00:07 +148 -3: /Users/chiiefbaka/prototype_0_0_1/test/services/user_service_test.dart: UserService Email parsing helpers email without domain returns full string                                      00:08 +148 -3: /Users/chiiefbaka/prototype_0_0_1/test/services/user_service_test.dart: UserService Email parsing helpers email without domain returns full string                                      00:08 +148 -3: loading /Users/chiiefbaka/prototype_0_0_1/test/services/points_service_test.dart                                                                                                        00:08 +148 -3: /Users/chiiefbaka/prototype_0_0_1/test/services/points_service_test.dart: PointsService PointsService instantiation can be created without client                                       00:08 +149 -3: /Users/chiiefbaka/prototype_0_0_1/test/services/points_service_test.dart: PointsService PointsService instantiation can be created without client                                       00:08 +149 -3: /Users/chiiefbaka/prototype_0_0_1/test/services/points_service_test.dart: PointsService PointsService instantiation can be created with null client                                     00:08 +150 -3: /Users/chiiefbaka/prototype_0_0_1/test/services/points_service_test.dart: PointsService PointsService instantiation can be created with null client                                     00:08 +150 -3: /Users/chiiefbaka/prototype_0_0_1/test/services/points_service_test.dart: PointsService Streak calculation logic streak bonus calculation is correct for day 1                          00:08 +151 -3: /Users/chiiefbaka/prototype_0_0_1/test/services/points_service_test.dart: PointsService Streak calculation logic streak bonus calculation is correct for day 1                          00:08 +151 -3: /Users/chiiefbaka/prototype_0_0_1/test/services/points_service_test.dart: PointsService Streak calculation logic streak bonus calculation is correct for day 7                          00:08 +152 -3: /Users/chiiefbaka/prototype_0_0_1/test/services/points_service_test.dart: PointsService Streak calculation logic streak bonus calculation is correct for day 7                          00:08 +152 -3: /Users/chiiefbaka/prototype_0_0_1/test/services/points_service_test.dart: PointsService Streak calculation logic streak bonus calculation is correct for day 30                         00:08 +153 -3: /Users/chiiefbaka/prototype_0_0_1/test/services/points_service_test.dart: PointsService Streak calculation logic streak bonus calculation is correct for day 30                         00:08 +153 -3: /Users/chiiefbaka/prototype_0_0_1/test/services/points_service_test.dart: PointsService Streak calculation logic first login bonus is 10 points                                         00:08 +154 -3: /Users/chiiefbaka/prototype_0_0_1/test/services/points_service_test.dart: PointsService Streak calculation logic first login bonus is 10 points                                         00:08 +154 -3: /Users/chiiefbaka/prototype_0_0_1/test/services/points_service_test.dart: PointsService Streak calculation logic streak reset bonus is 3.5 points                                       00:08 +155 -3: /Users/chiiefbaka/prototype_0_0_1/test/services/points_service_test.dart: PointsService Streak calculation logic streak reset bonus is 3.5 points                                       00:08 +155 -3: /Users/chiiefbaka/prototype_0_0_1/test/services/points_service_test.dart: PointsService Date difference calculations same day returns difference of 0                                   00:08 +156 -3: /Users/chiiefbaka/prototype_0_0_1/test/services/points_service_test.dart: PointsService Date difference calculations same day returns difference of 0                                   00:08 +156 -3: /Users/chiiefbaka/prototype_0_0_1/test/services/points_service_test.dart: PointsService Date difference calculations yesterday returns difference of 1                                  00:08 +157 -3: /Users/chiiefbaka/prototype_0_0_1/test/services/points_service_test.dart: PointsService Date difference calculations yesterday returns difference of 1                                  00:08 +157 -3: /Users/chiiefbaka/prototype_0_0_1/test/services/points_service_test.dart: PointsService Date difference calculations two days ago returns difference of 2                               00:08 +158 -3: /Users/chiiefbaka/prototype_0_0_1/test/services/points_service_test.dart: PointsService Date difference calculations two days ago returns difference of 2                               00:08 +158 -3: /Users/chiiefbaka/prototype_0_0_1/test/services/points_service_test.dart: PointsService XP calculations XP from posts is 100 per post                                                   00:08 +159 -3: /Users/chiiefbaka/prototype_0_0_1/test/services/points_service_test.dart: PointsService XP calculations XP from posts is 100 per post                                                   00:08 +159 -3: /Users/chiiefbaka/prototype_0_0_1/test/services/points_service_test.dart: PointsService XP calculations total XP is sum of posts XP and votes XP                                        00:08 +160 -3: /Users/chiiefbaka/prototype_0_0_1/test/services/points_service_test.dart: PointsService XP calculations total XP is sum of posts XP and votes XP                                        00:08 +160 -3: /Users/chiiefbaka/prototype_0_0_1/test/services/points_service_test.dart: PointsService XP calculations XP score clamping works correctly                                               00:08 +161 -3: /Users/chiiefbaka/prototype_0_0_1/test/services/points_service_test.dart: PointsService XP calculations XP score clamping works correctly                                               00:08 +161 -3: /Users/chiiefbaka/prototype_0_0_1/test/services/points_service_test.dart: PointsService XP calculations positive XP change adds correctly                                               00:08 +162 -3: /Users/chiiefbaka/prototype_0_0_1/test/services/points_service_test.dart: PointsService XP calculations positive XP change adds correctly                                               00:08 +162 -3: /Users/chiiefbaka/prototype_0_0_1/test/services/points_service_test.dart: PointsService Balance calculations adding points increases balance                                            00:08 +163 -3: /Users/chiiefbaka/prototype_0_0_1/test/services/points_service_test.dart: PointsService Balance calculations adding points increases balance                                            00:08 +163 -3: /Users/chiiefbaka/prototype_0_0_1/test/services/points_service_test.dart: PointsService Balance calculations deducting points decreases balance                                         00:08 +164 -3: /Users/chiiefbaka/prototype_0_0_1/test/services/points_service_test.dart: PointsService Balance calculations deducting points decreases balance                                         00:08 +164 -3: /Users/chiiefbaka/prototype_0_0_1/test/services/points_service_test.dart: PointsService Balance calculations balance can go negative                                                    00:08 +165 -3: /Users/chiiefbaka/prototype_0_0_1/test/services/points_service_test.dart: PointsService Balance calculations balance can go negative                                                    00:08 +165 -3: loading /Users/chiiefbaka/prototype_0_0_1/test/services/battle_analytics_test.dart                                                                                                      00:08 +165 -3: /Users/chiiefbaka/prototype_0_0_1/test/services/battle_analytics_test.dart: BattleService Analytics Logic Favorite trick calculation logic                                              00:08 +166 -3: /Users/chiiefbaka/prototype_0_0_1/test/services/battle_analytics_test.dart: BattleService Analytics Logic Favorite trick calculation logic                                              00:08 +166 -3: /Users/chiiefbaka/prototype_0_0_1/test/services/battle_analytics_test.dart: BattleService Analytics Logic Win/Loss calculation logic                                                    00:08 +167 -3: /Users/chiiefbaka/prototype_0_0_1/test/services/battle_analytics_test.dart: BattleService Analytics Logic Win/Loss calculation logic                                                    00:08 +167 -3: loading /Users/chiiefbaka/prototype_0_0_1/test/services/post_service_test.dart                                                                                                          00:08 +167 -3: /Users/chiiefbaka/prototype_0_0_1/test/services/post_service_test.dart: PostService Model Operations MapPost can be created with required fields                                        00:08 +168 -3: /Users/chiiefbaka/prototype_0_0_1/test/services/post_service_test.dart: PostService Model Operations MapPost can be created with required fields                                        00:08 +168 -3: /Users/chiiefbaka/prototype_0_0_1/test/services/post_service_test.dart: PostService Model Operations MapPost has correct default values                                                 00:08 +169 -3: /Users/chiiefbaka/prototype_0_0_1/test/services/post_service_test.dart: PostService Model Operations MapPost has correct default values                                                 00:08 +169 -3: /Users/chiiefbaka/prototype_0_0_1/test/services/post_service_test.dart: PostService Model Operations MapPost fromMap parses JSON correctly                                              00:08 +170 -3: /Users/chiiefbaka/prototype_0_0_1/test/services/post_service_test.dart: PostService Model Operations MapPost fromMap parses JSON correctly                                              00:08 +170 -3: /Users/chiiefbaka/prototype_0_0_1/test/services/post_service_test.dart: PostService Model Operations MapPost toMap serializes correctly                                                 00:08 +171 -3: /Users/chiiefbaka/prototype_0_0_1/test/services/post_service_test.dart: PostService Model Operations MapPost toMap serializes correctly                                                 00:08 +171 -3: /Users/chiiefbaka/prototype_0_0_1/test/services/post_service_test.dart: PostService Model Operations MapPost handles missing optional fields in fromMap                                 00:08 +172 -3: /Users/chiiefbaka/prototype_0_0_1/test/services/post_service_test.dart: PostService Model Operations MapPost handles missing optional fields in fromMap                                 00:08 +172 -3: /Users/chiiefbaka/prototype_0_0_1/test/services/post_service_test.dart: PostService Model Operations MapPost handles integer ratings in fromMap                                         00:08 +173 -3: /Users/chiiefbaka/prototype_0_0_1/test/services/post_service_test.dart: PostService Model Operations MapPost handles integer ratings in fromMap                                         00:08 +173 -3: /Users/chiiefbaka/prototype_0_0_1/test/services/post_service_test.dart: PostService PostService instantiation can be created without client                                             00:08 +174 -3: /Users/chiiefbaka/prototype_0_0_1/test/services/post_service_test.dart: PostService PostService instantiation can be created without client                                             00:08 +174 -3: /Users/chiiefbaka/prototype_0_0_1/test/services/post_service_test.dart: PostService PostService instantiation can be created with null client                                           00:08 +175 -3: /Users/chiiefbaka/prototype_0_0_1/test/services/post_service_test.dart: PostService PostService instantiation can be created with null client                                           00:08 +175 -3: loading /Users/chiiefbaka/prototype_0_0_1/test/widgets/feed_tab_test.dart                                                                                                               00:08 +175 -3: /Users/chiiefbaka/prototype_0_0_1/test/widgets/feed_tab_test.dart: Feed Tab Tests Category Filter All category returns all posts                                                        00:08 +176 -3: /Users/chiiefbaka/prototype_0_0_1/test/widgets/feed_tab_test.dart: Feed Tab Tests Category Filter All category returns all posts                                                        00:08 +176 -3: /Users/chiiefbaka/prototype_0_0_1/test/widgets/feed_tab_test.dart: Feed Tab Tests Category Filter Street category filters correctly                                                     00:08 +177 -3: /Users/chiiefbaka/prototype_0_0_1/test/widgets/feed_tab_test.dart: Feed Tab Tests Category Filter Street category filters correctly                                                     00:08 +177 -3: /Users/chiiefbaka/prototype_0_0_1/test/widgets/feed_tab_test.dart: Feed Tab Tests Category Filter Park category filters correctly                                                       00:08 +178 -3: /Users/chiiefbaka/prototype_0_0_1/test/widgets/feed_tab_test.dart: Feed Tab Tests Category Filter Park category filters correctly                                                       00:08 +178 -3: /Users/chiiefbaka/prototype_0_0_1/test/widgets/feed_tab_test.dart: Feed Tab Tests Category Filter Categories list contains expected values                                              00:08 +179 -3: /Users/chiiefbaka/prototype_0_0_1/test/widgets/feed_tab_test.dart: Feed Tab Tests Category Filter Categories list contains expected values                                              00:08 +179 -3: /Users/chiiefbaka/prototype_0_0_1/test/widgets/feed_tab_test.dart: Feed Tab Tests Search Filter Search by title works                                                                   00:08 +180 -3: /Users/chiiefbaka/prototype_0_0_1/test/widgets/feed_tab_test.dart: Feed Tab Tests Search Filter Search by title works                                                                   00:08 +180 -3: /Users/chiiefbaka/prototype_0_0_1/test/widgets/feed_tab_test.dart: Feed Tab Tests Search Filter Search by description works                                                             00:08 +181 -3: /Users/chiiefbaka/prototype_0_0_1/test/widgets/feed_tab_test.dart: Feed Tab Tests Search Filter Search by description works                                                             00:08 +181 -3: /Users/chiiefbaka/prototype_0_0_1/test/widgets/feed_tab_test.dart: Feed Tab Tests Search Filter Search by tags works                                                                    00:08 +182 -3: /Users/chiiefbaka/prototype_0_0_1/test/widgets/feed_tab_test.dart: Feed Tab Tests Search Filter Search by tags works                                                                    00:08 +182 -3: /Users/chiiefbaka/prototype_0_0_1/test/widgets/feed_tab_test.dart: Feed Tab Tests Search Filter Search is case insensitive                                                              00:08 +183 -3: /Users/chiiefbaka/prototype_0_0_1/test/widgets/feed_tab_test.dart: Feed Tab Tests Search Filter Search is case insensitive                                                              00:08 +183 -3: /Users/chiiefbaka/prototype_0_0_1/test/widgets/feed_tab_test.dart: Feed Tab Tests Search Filter Empty search returns all posts                                                          00:08 +184 -3: /Users/chiiefbaka/prototype_0_0_1/test/widgets/feed_tab_test.dart: Feed Tab Tests Search Filter Empty search returns all posts                                                          00:08 +184 -3: /Users/chiiefbaka/prototype_0_0_1/test/widgets/feed_tab_test.dart: Feed Tab Tests Loading State isLoading starts as true                                                                00:08 +185 -3: /Users/chiiefbaka/prototype_0_0_1/test/widgets/feed_tab_test.dart: Feed Tab Tests Loading State isLoading starts as true                                                                00:08 +185 -3: /Users/chiiefbaka/prototype_0_0_1/test/widgets/feed_tab_test.dart: Feed Tab Tests Loading State isLoading becomes false after load                                                      00:08 +186 -3: /Users/chiiefbaka/prototype_0_0_1/test/widgets/feed_tab_test.dart: Feed Tab Tests Loading State isLoading becomes false after load                                                      00:08 +186 -3: /Users/chiiefbaka/prototype_0_0_1/test/widgets/feed_tab_test.dart: Feed Tab Tests Empty State Empty posts list triggers empty state                                                     00:08 +187 -3: /Users/chiiefbaka/prototype_0_0_1/test/widgets/feed_tab_test.dart: Feed Tab Tests Empty State Empty posts list triggers empty state                                                     00:08 +187 -3: /Users/chiiefbaka/prototype_0_0_1/test/widgets/feed_tab_test.dart: Feed Tab Tests Empty State Non-empty posts list does not trigger empty state                                         00:08 +188 -3: /Users/chiiefbaka/prototype_0_0_1/test/widgets/feed_tab_test.dart: Feed Tab Tests Empty State Non-empty posts list does not trigger empty state                                         00:08 +188 -3: loading /Users/chiiefbaka/prototype_0_0_1/test/widgets/post_card_test.dart                                                                                                              00:08 +188 -3: /Users/chiiefbaka/prototype_0_0_1/test/widgets/post_card_test.dart: PostCard Widget Tests MapPost model has required fields                                                             00:09 +188 -3: /Users/chiiefbaka/prototype_0_0_1/test/widgets/post_card_test.dart: PostCard Widget Tests MapPost model has required fields                                                             00:09 +189 -3: /Users/chiiefbaka/prototype_0_0_1/test/widgets/post_card_test.dart: PostCard Widget Tests MapPost model has required fields                                                             00:09 +189 -3: /Users/chiiefbaka/prototype_0_0_1/test/widgets/post_card_test.dart: PostCard Widget Tests MapPost default values are correct                                                            00:09 +190 -3: /Users/chiiefbaka/prototype_0_0_1/test/widgets/post_card_test.dart: PostCard Widget Tests MapPost default values are correct                                                            00:09 +190 -3: /Users/chiiefbaka/prototype_0_0_1/test/widgets/post_card_test.dart: PostCard Widget Tests Share message format is correct                                                               00:09 +191 -3: /Users/chiiefbaka/prototype_0_0_1/test/widgets/post_card_test.dart: PostCard Widget Tests Share message format is correct                                                               00:09 +191 -3: /Users/chiiefbaka/prototype_0_0_1/test/widgets/post_card_test.dart: PostCard Widget Tests Share message handles unrated post                                                            00:09 +192 -3: /Users/chiiefbaka/prototype_0_0_1/test/widgets/post_card_test.dart: PostCard Widget Tests Share message handles unrated post                                                            00:09 +192 -3: /Users/chiiefbaka/prototype_0_0_1/test/widgets/post_card_test.dart: PostCard Vote Display Vote score calculation is correct                                                             00:09 +193 -3: /Users/chiiefbaka/prototype_0_0_1/test/widgets/post_card_test.dart: PostCard Vote Display Vote score calculation is correct                                                             00:09 +193 -3: /Users/chiiefbaka/prototype_0_0_1/test/widgets/post_card_test.dart: PostCard Vote Display User vote tracking works                                                                      00:09 +194 -3: /Users/chiiefbaka/prototype_0_0_1/test/widgets/post_card_test.dart: PostCard Vote Display User vote tracking works                                                                      00:09 +194 -3: /Users/chiiefbaka/prototype_0_0_1/test/widgets/post_card_test.dart: PostCard Vote Display User vote can be null (no vote)                                                               00:09 +195 -3: /Users/chiiefbaka/prototype_0_0_1/test/widgets/post_card_test.dart: PostCard Vote Display User vote can be null (no vote)                                                               00:09 +195 -3: /Users/chiiefbaka/prototype_0_0_1/test/widgets/post_card_test.dart: PostCard Rating Display Rating chips show correct values                                                            00:09 +196 -3: /Users/chiiefbaka/prototype_0_0_1/test/widgets/post_card_test.dart: PostCard Rating Display Rating chips show correct values                                                            00:09 +196 -3: /Users/chiiefbaka/prototype_0_0_1/test/widgets/post_card_test.dart: PostCard Rating Display Ratings handle zero values                                                                  00:09 +197 -3: /Users/chiiefbaka/prototype_0_0_1/test/widgets/post_card_test.dart: PostCard Rating Display Ratings handle zero values                                                                  00:09 +197 -3: loading /Users/chiiefbaka/prototype_0_0_1/test/widgets/battle_header_test.dart                                                                                                          00:09 +197 -3: /Users/chiiefbaka/prototype_0_0_1/test/widgets/battle_header_test.dart: BattleHeader Tests Battle Model getGameLetters returns SKATE for skate mode                                     00:09 +198 -3: /Users/chiiefbaka/prototype_0_0_1/test/widgets/battle_header_test.dart: BattleHeader Tests Battle Model getGameLetters returns SKATE for skate mode                                     00:09 +198 -3: /Users/chiiefbaka/prototype_0_0_1/test/widgets/battle_header_test.dart: BattleHeader Tests Battle Model getGameLetters returns SK8 for sk8 mode                                         00:09 +199 -3: /Users/chiiefbaka/prototype_0_0_1/test/widgets/battle_header_test.dart: BattleHeader Tests Battle Model getGameLetters returns SK8 for sk8 mode                                         00:09 +199 -3: /Users/chiiefbaka/prototype_0_0_1/test/widgets/battle_header_test.dart: BattleHeader Tests Battle Model getGameLetters returns custom letters                                           00:09 +200 -3: /Users/chiiefbaka/prototype_0_0_1/test/widgets/battle_header_test.dart: BattleHeader Tests Battle Model getGameLetters returns custom letters                                           00:09 +200 -3: /Users/chiiefbaka/prototype_0_0_1/test/widgets/battle_header_test.dart: BattleHeader Tests Turn Indicators isMyTurn is true when current turn matches user                              00:09 +201 -3: /Users/chiiefbaka/prototype_0_0_1/test/widgets/battle_header_test.dart: BattleHeader Tests Turn Indicators isMyTurn is true when current turn matches user                              00:09 +201 -3: /Users/chiiefbaka/prototype_0_0_1/test/widgets/battle_header_test.dart: BattleHeader Tests Turn Indicators isMyTurn is false when current turn is opponent                              00:09 +202 -3: /Users/chiiefbaka/prototype_0_0_1/test/widgets/battle_header_test.dart: BattleHeader Tests Turn Indicators isMyTurn is false when current turn is opponent                              00:09 +202 -3: /Users/chiiefbaka/prototype_0_0_1/test/widgets/battle_header_test.dart: BattleHeader Tests Letters Display Letter display shows earned letters correctly                                00:09 +203 -3: /Users/chiiefbaka/prototype_0_0_1/test/widgets/battle_header_test.dart: BattleHeader Tests Letters Display Letter display shows earned letters correctly                                00:09 +203 -3: /Users/chiiefbaka/prototype_0_0_1/test/widgets/battle_header_test.dart: BattleHeader Tests Letters Display Game completion check works                                                  00:09 +204 -3: /Users/chiiefbaka/prototype_0_0_1/test/widgets/battle_header_test.dart: BattleHeader Tests Letters Display Game completion check works                                                  00:09 +204 -3: /Users/chiiefbaka/prototype_0_0_1/test/widgets/battle_header_test.dart: BattleHeader Tests Timer Display getRemainingTime returns null when no deadline                                 00:09 +205 -3: /Users/chiiefbaka/prototype_0_0_1/test/widgets/battle_header_test.dart: BattleHeader Tests Timer Display getRemainingTime returns null when no deadline                                 00:09 +205 -3: /Users/chiiefbaka/prototype_0_0_1/test/widgets/battle_header_test.dart: BattleHeader Tests Timer Display getRemainingTime returns Duration.zero when expired                            00:09 +206 -3: /Users/chiiefbaka/prototype_0_0_1/test/widgets/battle_header_test.dart: BattleHeader Tests Timer Display getRemainingTime returns Duration.zero when expired                            00:09 +206 -3: /Users/chiiefbaka/prototype_0_0_1/test/widgets/battle_header_test.dart: BattleHeader Tests Timer Display formatShort handles null duration                                              00:09 +207 -3: /Users/chiiefbaka/prototype_0_0_1/test/widgets/battle_header_test.dart: BattleHeader Tests Timer Display formatShort handles null duration                                              00:09 +207 -3: /Users/chiiefbaka/prototype_0_0_1/test/widgets/battle_header_test.dart: BattleHeader Tests Timer Display formatShort handles zero duration                                              00:09 +208 -3: /Users/chiiefbaka/prototype_0_0_1/test/widgets/battle_header_test.dart: BattleHeader Tests Timer Display formatShort handles zero duration                                              00:09 +208 -3: /Users/chiiefbaka/prototype_0_0_1/test/widgets/battle_header_test.dart: BattleHeader Tests Battle Info Badges Quickfire badge logic                                                     00:09 +209 -3: /Users/chiiefbaka/prototype_0_0_1/test/widgets/battle_header_test.dart: BattleHeader Tests Battle Info Badges Quickfire badge logic                                                     00:09 +209 -3: /Users/chiiefbaka/prototype_0_0_1/test/widgets/battle_header_test.dart: BattleHeader Tests Battle Info Badges Bet amount badge logic                                                    00:09 +210 -3: /Users/chiiefbaka/prototype_0_0_1/test/widgets/battle_header_test.dart: BattleHeader Tests Battle Info Badges Bet amount badge logic                                                    00:09 +210 -3: /Users/chiiefbaka/prototype_0_0_1/test/widgets/battle_header_test.dart: BattleHeader Tests Battle Info Badges Game mode display                                                         00:09 +211 -3: /Users/chiiefbaka/prototype_0_0_1/test/widgets/battle_header_test.dart: BattleHeader Tests Battle Info Badges Game mode display                                                         00:09 +211 -3: loading /Users/chiiefbaka/prototype_0_0_1/test/widgets/state_widgets_test.dart                                                                                                          00:09 +211 -3: /Users/chiiefbaka/prototype_0_0_1/test/widgets/state_widgets_test.dart: State Widgets Tests LoadingWidget default loading widget has no message                                         00:09 +212 -3: /Users/chiiefbaka/prototype_0_0_1/test/widgets/state_widgets_test.dart: State Widgets Tests LoadingWidget default loading widget has no message                                         00:09 +212 -3: /Users/chiiefbaka/prototype_0_0_1/test/widgets/state_widgets_test.dart: State Widgets Tests LoadingWidget loading widget can have custom message                                        00:09 +213 -3: /Users/chiiefbaka/prototype_0_0_1/test/widgets/state_widgets_test.dart: State Widgets Tests LoadingWidget loading widget can have custom message                                        00:09 +213 -3: /Users/chiiefbaka/prototype_0_0_1/test/widgets/state_widgets_test.dart: State Widgets Tests LoadingWidget loading widget default size is 36                                             00:09 +214 -3: /Users/chiiefbaka/prototype_0_0_1/test/widgets/state_widgets_test.dart: State Widgets Tests LoadingWidget loading widget default size is 36                                             00:09 +214 -3: /Users/chiiefbaka/prototype_0_0_1/test/widgets/state_widgets_test.dart: State Widgets Tests ErrorDisplayWidget error message is required                                                00:09 +215 -3: /Users/chiiefbaka/prototype_0_0_1/test/widgets/state_widgets_test.dart: State Widgets Tests ErrorDisplayWidget error message is required                                                00:09 +215 -3: /Users/chiiefbaka/prototype_0_0_1/test/widgets/state_widgets_test.dart: State Widgets Tests ErrorDisplayWidget retry callback can be null                                               00:09 +216 -3: /Users/chiiefbaka/prototype_0_0_1/test/widgets/state_widgets_test.dart: State Widgets Tests ErrorDisplayWidget retry callback can be null                                               00:09 +216 -3: /Users/chiiefbaka/prototype_0_0_1/test/widgets/state_widgets_test.dart: State Widgets Tests ErrorDisplayWidget default icon is error_outline                                            00:09 +217 -3: /Users/chiiefbaka/prototype_0_0_1/test/widgets/state_widgets_test.dart: State Widgets Tests ErrorDisplayWidget default icon is error_outline                                            00:09 +217 -3: /Users/chiiefbaka/prototype_0_0_1/test/widgets/state_widgets_test.dart: State Widgets Tests EmptyStateWidget empty state has required message                                           00:09 +218 -3: /Users/chiiefbaka/prototype_0_0_1/test/widgets/state_widgets_test.dart: State Widgets Tests EmptyStateWidget empty state has required message                                           00:09 +218 -3: /Users/chiiefbaka/prototype_0_0_1/test/widgets/state_widgets_test.dart: State Widgets Tests EmptyStateWidget subtitle is optional                                                       00:09 +219 -3: /Users/chiiefbaka/prototype_0_0_1/test/widgets/state_widgets_test.dart: State Widgets Tests EmptyStateWidget subtitle is optional                                                       00:09 +219 -3: /Users/chiiefbaka/prototype_0_0_1/test/widgets/state_widgets_test.dart: State Widgets Tests EmptyStateWidget action widget is optional                                                  00:09 +220 -3: /Users/chiiefbaka/prototype_0_0_1/test/widgets/state_widgets_test.dart: State Widgets Tests EmptyStateWidget action widget is optional                                                  00:09 +220 -3: /Users/chiiefbaka/prototype_0_0_1/test/widgets/state_widgets_test.dart: State Widgets Tests AsyncStateWidget Logic isLoading true shows loading state                                   00:09 +221 -3: /Users/chiiefbaka/prototype_0_0_1/test/widgets/state_widgets_test.dart: State Widgets Tests AsyncStateWidget Logic isLoading true shows loading state                                   00:09 +221 -3: /Users/chiiefbaka/prototype_0_0_1/test/widgets/state_widgets_test.dart: State Widgets Tests AsyncStateWidget Logic error present shows error state                                      00:09 +222 -3: /Users/chiiefbaka/prototype_0_0_1/test/widgets/state_widgets_test.dart: State Widgets Tests AsyncStateWidget Logic error present shows error state                                      00:09 +222 -3: /Users/chiiefbaka/prototype_0_0_1/test/widgets/state_widgets_test.dart: State Widgets Tests AsyncStateWidget Logic data present shows content                                           00:09 +223 -3: /Users/chiiefbaka/prototype_0_0_1/test/widgets/state_widgets_test.dart: State Widgets Tests AsyncStateWidget Logic data present shows content                                           00:09 +223 -3: /Users/chiiefbaka/prototype_0_0_1/test/widgets/state_widgets_test.dart: State Widgets Tests AsyncStateWidget Logic all null shows nothing                                               00:09 +224 -3: /Users/chiiefbaka/prototype_0_0_1/test/widgets/state_widgets_test.dart: State Widgets Tests AsyncStateWidget Logic all null shows nothing                                               00:09 +224 -3: /Users/chiiefbaka/prototype_0_0_1/test/widgets/state_widgets_test.dart: State Widgets Tests RefreshableContent onRefresh is required                                                    00:09 +225 -3: /Users/chiiefbaka/prototype_0_0_1/test/widgets/state_widgets_test.dart: State Widgets Tests RefreshableContent onRefresh is required                                                    00:09 +225 -3: /Users/chiiefbaka/prototype_0_0_1/test/widgets/state_widgets_test.dart: State Widgets Tests RefreshableContent indicator color can be customized                                        00:09 +226 -3: /Users/chiiefbaka/prototype_0_0_1/test/widgets/state_widgets_test.dart: State Widgets Tests RefreshableContent indicator color can be customized                                        00:09 +226 -3: /Users/chiiefbaka/prototype_0_0_1/test/widgets/state_widgets_test.dart: State Widgets Tests State Priority loading takes priority over error                                            00:09 +227 -3: /Users/chiiefbaka/prototype_0_0_1/test/widgets/state_widgets_test.dart: State Widgets Tests State Priority loading takes priority over error                                            00:09 +227 -3: /Users/chiiefbaka/prototype_0_0_1/test/widgets/state_widgets_test.dart: State Widgets Tests State Priority error takes priority over content                                            00:09 +228 -3: /Users/chiiefbaka/prototype_0_0_1/test/widgets/state_widgets_test.dart: State Widgets Tests State Priority error takes priority over content                                            00:09 +228 -3: /Users/chiiefbaka/prototype_0_0_1/test/widgets/state_widgets_test.dart: State Widgets Tests State Priority content shown when no loading or error                                       00:09 +229 -3: /Users/chiiefbaka/prototype_0_0_1/test/widgets/state_widgets_test.dart: State Widgets Tests State Priority content shown when no loading or error                                       00:09 +229 -3: loading /Users/chiiefbaka/prototype_0_0_1/test/widgets/vs_tab_test.dart                                                                                                                 00:09 +229 -3: /Users/chiiefbaka/prototype_0_0_1/test/widgets/vs_tab_test.dart: VsTab Logic Tests Game Mode Display SKATE mode label                                                                   00:09 +230 -3: /Users/chiiefbaka/prototype_0_0_1/test/widgets/vs_tab_test.dart: VsTab Logic Tests Game Mode Display SKATE mode label                                                                   00:09 +230 -3: /Users/chiiefbaka/prototype_0_0_1/test/widgets/vs_tab_test.dart: VsTab Logic Tests Battle Filtering Filter active battles                                                               00:09 +231 -3: /Users/chiiefbaka/prototype_0_0_1/test/widgets/vs_tab_test.dart: VsTab Logic Tests Battle Filtering Filter active battles                                                               00:09 +231 -3: /Users/chiiefbaka/prototype_0_0_1/test/widgets/vs_tab_test.dart: VsTab Logic Tests Battle Filtering Filter completed battles                                                            00:09 +232 -3: /Users/chiiefbaka/prototype_0_0_1/test/widgets/vs_tab_test.dart: VsTab Logic Tests Battle Filtering Filter completed battles                                                            00:09 +232 -3: /Users/chiiefbaka/prototype_0_0_1/test/widgets/vs_tab_test.dart: VsTab Logic Tests Battle Filtering Filter pending battles                                                              00:09 +233 -3: /Users/chiiefbaka/prototype_0_0_1/test/widgets/vs_tab_test.dart: VsTab Logic Tests Battle Filtering Filter pending battles                                                              00:09 +233 -3: /Users/chiiefbaka/prototype_0_0_1/test/widgets/vs_tab_test.dart: VsTab Logic Tests Battle Filtering Filter my turn battles                                                              00:09 +234 -3: /Users/chiiefbaka/prototype_0_0_1/test/widgets/vs_tab_test.dart: VsTab Logic Tests Battle Filtering Filter my turn battles                                                              00:09 +234 -3: /Users/chiiefbaka/prototype_0_0_1/test/widgets/vs_tab_test.dart: VsTab Logic Tests Battle Card Logic isPlayer1 determination                                                            00:09 +235 -3: /Users/chiiefbaka/prototype_0_0_1/test/widgets/vs_tab_test.dart: VsTab Logic Tests Battle Card Logic isPlayer1 determination                                                            00:09 +235 -3: /Users/chiiefbaka/prototype_0_0_1/test/widgets/vs_tab_test.dart: VsTab Logic Tests Battle Card Logic My letters vs opponent letters as player 1                                         00:09 +236 -3: /Users/chiiefbaka/prototype_0_0_1/test/widgets/vs_tab_test.dart: VsTab Logic Tests Battle Card Logic My letters vs opponent letters as player 1                                         00:09 +236 -3: /Users/chiiefbaka/prototype_0_0_1/test/widgets/vs_tab_test.dart: VsTab Logic Tests Battle Card Logic My letters vs opponent letters as player 2                                         00:09 +237 -3: /Users/chiiefbaka/prototype_0_0_1/test/widgets/vs_tab_test.dart: VsTab Logic Tests Battle Card Logic My letters vs opponent letters as player 2                                         00:09 +237 -3: /Users/chiiefbaka/prototype_0_0_1/test/widgets/vs_tab_test.dart: VsTab Logic Tests Battle Card Logic Is my turn check                                                                   00:09 +238 -3: /Users/chiiefbaka/prototype_0_0_1/test/widgets/vs_tab_test.dart: VsTab Logic Tests Battle Card Logic Is my turn check                                                                   00:09 +238 -3: /Users/chiiefbaka/prototype_0_0_1/test/widgets/vs_tab_test.dart: VsTab Logic Tests Battle Status Display Active battle status                                                           00:09 +239 -3: /Users/chiiefbaka/prototype_0_0_1/test/widgets/vs_tab_test.dart: VsTab Logic Tests Battle Status Display Active battle status                                                           00:09 +239 -3: /Users/chiiefbaka/prototype_0_0_1/test/widgets/vs_tab_test.dart: VsTab Logic Tests Battle Status Display Turn indicator text                                                            00:09 +240 -3: /Users/chiiefbaka/prototype_0_0_1/test/widgets/vs_tab_test.dart: VsTab Logic Tests Battle Status Display Turn indicator text                                                            00:09 +240 -3: /Users/chiiefbaka/prototype_0_0_1/test/widgets/vs_tab_test.dart: VsTab Logic Tests Battle Sorting Sort by my turn first                                                                 00:09 +241 -3: /Users/chiiefbaka/prototype_0_0_1/test/widgets/vs_tab_test.dart: VsTab Logic Tests Battle Sorting Sort by my turn first                                                                 00:09 +241 -3: /Users/chiiefbaka/prototype_0_0_1/test/widgets/vs_tab_test.dart: VsTab Logic Tests Battle Sorting Sort by most recent                                                                   00:09 +242 -3: /Users/chiiefbaka/prototype_0_0_1/test/widgets/vs_tab_test.dart: VsTab Logic Tests Battle Sorting Sort by most recent                                                                   00:09 +242 -3: /Users/chiiefbaka/prototype_0_0_1/test/widgets/vs_tab_test.dart: VsTab Logic Tests Actions Count Count battles requiring action                                                         00:09 +243 -3: /Users/chiiefbaka/prototype_0_0_1/test/widgets/vs_tab_test.dart: VsTab Logic Tests Actions Count Count battles requiring action                                                         00:09 +243 -3: /Users/chiiefbaka/prototype_0_0_1/test/widgets/vs_tab_test.dart: VsTab Logic Tests Empty States No battles message                                                                      00:09 +244 -3: /Users/chiiefbaka/prototype_0_0_1/test/widgets/vs_tab_test.dart: VsTab Logic Tests Empty States No battles message                                                                      00:09 +244 -3: /Users/chiiefbaka/prototype_0_0_1/test/widgets/vs_tab_test.dart: VsTab Logic Tests Quickfire and Bet Badges Quickfire battle badge                                                      00:09 +245 -3: /Users/chiiefbaka/prototype_0_0_1/test/widgets/vs_tab_test.dart: VsTab Logic Tests Quickfire and Bet Badges Quickfire battle badge                                                      00:09 +245 -3: /Users/chiiefbaka/prototype_0_0_1/test/widgets/vs_tab_test.dart: VsTab Logic Tests Quickfire and Bet Badges Bet amount badge                                                            00:09 +246 -3: /Users/chiiefbaka/prototype_0_0_1/test/widgets/vs_tab_test.dart: VsTab Logic Tests Quickfire and Bet Badges Bet amount badge                                                            00:09 +246 -3: loading /Users/chiiefbaka/prototype_0_0_1/test/widgets/user_stats_card_test.dart                                                                                                        00:09 +246 -3: /Users/chiiefbaka/prototype_0_0_1/test/widgets/user_stats_card_test.dart: UserStatsCard Tests UserScores Model UserScores calculates final score correctly                              00:09 +247 -3: /Users/chiiefbaka/prototype_0_0_1/test/widgets/user_stats_card_test.dart: UserStatsCard Tests UserScores Model UserScores calculates final score correctly                              00:09 +247 -3: /Users/chiiefbaka/prototype_0_0_1/test/widgets/user_stats_card_test.dart: UserStatsCard Tests UserScores Model UserScores calculates vote weight from final score                       00:09 +248 -3: /Users/chiiefbaka/prototype_0_0_1/test/widgets/user_stats_card_test.dart: UserStatsCard Tests UserScores Model UserScores calculates vote weight from final score                       00:09 +248 -3: /Users/chiiefbaka/prototype_0_0_1/test/widgets/user_stats_card_test.dart: UserStatsCard Tests UserScores Model UserScores handles zero scores                                           00:09 +249 -3: /Users/chiiefbaka/prototype_0_0_1/test/widgets/user_stats_card_test.dart: UserStatsCard Tests UserScores Model UserScores handles zero scores                                           00:09 +249 -3: /Users/chiiefbaka/prototype_0_0_1/test/widgets/user_stats_card_test.dart: UserStatsCard Tests UserScores Model Level calculation works for XP scores                                    00:09 +250 -3: /Users/chiiefbaka/prototype_0_0_1/test/widgets/user_stats_card_test.dart: UserStatsCard Tests UserScores Model Level calculation works for XP scores                                    00:09 +250 -3: /Users/chiiefbaka/prototype_0_0_1/test/widgets/user_stats_card_test.dart: UserStatsCard Tests UserScores Model Level progress is between 0 and 1                                        00:09 +251 -3: /Users/chiiefbaka/prototype_0_0_1/test/widgets/user_stats_card_test.dart: UserStatsCard Tests UserScores Model Level progress is between 0 and 1                                        00:09 +251 -3: /Users/chiiefbaka/prototype_0_0_1/test/widgets/user_stats_card_test.dart: UserStatsCard Tests Score Display Calculations Progress bar calculation for traditional score                 00:09 +252 -3: /Users/chiiefbaka/prototype_0_0_1/test/widgets/user_stats_card_test.dart: UserStatsCard Tests Score Display Calculations Progress bar calculation for traditional score                 00:09 +252 -3: /Users/chiiefbaka/prototype_0_0_1/test/widgets/user_stats_card_test.dart: UserStatsCard Tests Score Display Calculations Progress bar calculation handles max score                     00:09 +253 -3: /Users/chiiefbaka/prototype_0_0_1/test/widgets/user_stats_card_test.dart: UserStatsCard Tests Score Display Calculations Progress bar calculation handles max score                     00:09 +253 -3: /Users/chiiefbaka/prototype_0_0_1/test/widgets/user_stats_card_test.dart: UserStatsCard Tests Score Display Calculations Progress bar calculation handles zero score                    00:09 +254 -3: /Users/chiiefbaka/prototype_0_0_1/test/widgets/user_stats_card_test.dart: UserStatsCard Tests Score Display Calculations Progress bar calculation handles zero score                    00:09 +254 -3: /Users/chiiefbaka/prototype_0_0_1/test/widgets/user_stats_card_test.dart: UserStatsCard Tests Score Display Calculations XP display format is correct                                   00:09 +255 -3: /Users/chiiefbaka/prototype_0_0_1/test/widgets/user_stats_card_test.dart: UserStatsCard Tests Score Display Calculations XP display format is correct                                   00:09 +255 -3: /Users/chiiefbaka/prototype_0_0_1/test/widgets/user_stats_card_test.dart: UserStatsCard Tests Score Display Calculations XP needed calculation is correct                               00:09 +256 -3: /Users/chiiefbaka/prototype_0_0_1/test/widgets/user_stats_card_test.dart: UserStatsCard Tests Score Display Calculations XP needed calculation is correct                               00:09 +256 -3: /Users/chiiefbaka/prototype_0_0_1/test/widgets/user_stats_card_test.dart: ScoreProgressBar Tests Score progress clamped between 0 and 1                                                 00:09 +257 -3: /Users/chiiefbaka/prototype_0_0_1/test/widgets/user_stats_card_test.dart: ScoreProgressBar Tests Score progress clamped between 0 and 1                                                 00:09 +257 -3: /Users/chiiefbaka/prototype_0_0_1/test/widgets/user_stats_card_test.dart: ScoreProgressBar Tests Level progress display shows correct format                                            00:09 +258 -3: /Users/chiiefbaka/prototype_0_0_1/test/widgets/user_stats_card_test.dart: ScoreProgressBar Tests Level progress display shows correct format                                            00:10 +258 -3: /Users/chiiefbaka/prototype_0_0_1/test/widgets/user_stats_card_test.dart: ScoreProgressBar Tests Level progress display shows correct format                                            00:10 +258 -3: loading /Users/chiiefbaka/prototype_0_0_1/test/widgets/settings_tab_test.dart                                                                                                           00:10 +258 -3: /Users/chiiefbaka/prototype_0_0_1/test/widgets/settings_tab_test.dart: Settings Tab Tests Notifications Toggle notification preference default value is true                            00:10 +259 -3: /Users/chiiefbaka/prototype_0_0_1/test/widgets/settings_tab_test.dart: Settings Tab Tests Notifications Toggle notification preference default value is true                            00:10 +259 -3: /Users/chiiefbaka/prototype_0_0_1/test/widgets/settings_tab_test.dart: Settings Tab Tests Notifications Toggle notification preference can be toggled                                   00:10 +260 -3: /Users/chiiefbaka/prototype_0_0_1/test/widgets/settings_tab_test.dart: Settings Tab Tests Notifications Toggle notification preference can be toggled                                   00:10 +260 -3: /Users/chiiefbaka/prototype_0_0_1/test/widgets/settings_tab_test.dart: Settings Tab Tests Theme Toggle dark mode default can be set                                                     00:10 +261 -3: /Users/chiiefbaka/prototype_0_0_1/test/widgets/settings_tab_test.dart: Settings Tab Tests Theme Toggle dark mode default can be set                                                     00:10 +261 -3: /Users/chiiefbaka/prototype_0_0_1/test/widgets/settings_tab_test.dart: Settings Tab Tests Admin Status admin status loading state                                                       00:10 +262 -3: /Users/chiiefbaka/prototype_0_0_1/test/widgets/settings_tab_test.dart: Settings Tab Tests Admin Status admin status loading state                                                       00:10 +262 -3: /Users/chiiefbaka/prototype_0_0_1/test/widgets/settings_tab_test.dart: Settings Tab Tests Admin Status admin email check logic                                                          00:10 +263 -3: /Users/chiiefbaka/prototype_0_0_1/test/widgets/settings_tab_test.dart: Settings Tab Tests Admin Status admin email check logic                                                          00:10 +263 -3: /Users/chiiefbaka/prototype_0_0_1/test/widgets/settings_tab_test.dart: Settings Tab Tests Feedback Dialog feedback text validation                                                      00:10 +264 -3: /Users/chiiefbaka/prototype_0_0_1/test/widgets/settings_tab_test.dart: Settings Tab Tests Feedback Dialog feedback text validation                                                      00:10 +264 -3: /Users/chiiefbaka/prototype_0_0_1/test/widgets/settings_tab_test.dart: Settings Tab Tests Feedback Dialog feedback submission state                                                     00:10 +265 -3: /Users/chiiefbaka/prototype_0_0_1/test/widgets/settings_tab_test.dart: Settings Tab Tests Feedback Dialog feedback submission state                                                     00:10 +265 -3: /Users/chiiefbaka/prototype_0_0_1/test/widgets/settings_tab_test.dart: Settings Tab Tests Privacy Policy & Terms privacy policy content exists                                          00:10 +266 -3: /Users/chiiefbaka/prototype_0_0_1/test/widgets/settings_tab_test.dart: Settings Tab Tests Privacy Policy & Terms privacy policy content exists                                          00:10 +266 -3: /Users/chiiefbaka/prototype_0_0_1/test/widgets/settings_tab_test.dart: Settings Tab Tests Privacy Policy & Terms terms of service content exists                                        00:10 +267 -3: /Users/chiiefbaka/prototype_0_0_1/test/widgets/settings_tab_test.dart: Settings Tab Tests Privacy Policy & Terms terms of service content exists                                        00:10 +267 -3: /Users/chiiefbaka/prototype_0_0_1/test/widgets/settings_tab_test.dart: Settings Tab Tests Premium Banner premium feature message                                                        00:10 +268 -3: /Users/chiiefbaka/prototype_0_0_1/test/widgets/settings_tab_test.dart: Settings Tab Tests Premium Banner premium feature message                                                        00:10 +268 -3: loading /Users/chiiefbaka/prototype_0_0_1/test/widgets/rewards_tab_test.dart                                                                                                            00:10 +268 -3: /Users/chiiefbaka/prototype_0_0_1/test/widgets/rewards_tab_test.dart: RewardsTab Logic Tests Points Display Points are formatted correctly                                              00:10 +269 -3: /Users/chiiefbaka/prototype_0_0_1/test/widgets/rewards_tab_test.dart: RewardsTab Logic Tests Points Display Points are formatted correctly                                              00:10 +269 -3: /Users/chiiefbaka/prototype_0_0_1/test/widgets/rewards_tab_test.dart: RewardsTab Logic Tests Points Display Zero points display                                                         00:10 +270 -3: /Users/chiiefbaka/prototype_0_0_1/test/widgets/rewards_tab_test.dart: RewardsTab Logic Tests Points Display Zero points display                                                         00:10 +270 -3: /Users/chiiefbaka/prototype_0_0_1/test/widgets/rewards_tab_test.dart: RewardsTab Logic Tests Points Display Large points format                                                         00:10 +271 -3: /Users/chiiefbaka/prototype_0_0_1/test/widgets/rewards_tab_test.dart: RewardsTab Logic Tests Points Display Large points format                                                         00:10 +271 -3: /Users/chiiefbaka/prototype_0_0_1/test/widgets/rewards_tab_test.dart: RewardsTab Logic Tests Streak Calculations Streak data parsing                                                    00:10 +272 -3: /Users/chiiefbaka/prototype_0_0_1/test/widgets/rewards_tab_test.dart: RewardsTab Logic Tests Streak Calculations Streak data parsing                                                    00:10 +272 -3: /Users/chiiefbaka/prototype_0_0_1/test/widgets/rewards_tab_test.dart: RewardsTab Logic Tests Streak Calculations New user has zero streak                                               00:10 +273 -3: /Users/chiiefbaka/prototype_0_0_1/test/widgets/rewards_tab_test.dart: RewardsTab Logic Tests Streak Calculations New user has zero streak                                               00:10 +273 -3: /Users/chiiefbaka/prototype_0_0_1/test/widgets/rewards_tab_test.dart: RewardsTab Logic Tests Streak Calculations Streak progress calculation                                            00:10 +274 -3: /Users/chiiefbaka/prototype_0_0_1/test/widgets/rewards_tab_test.dart: RewardsTab Logic Tests Streak Calculations Streak progress calculation                                            00:10 +274 -3: /Users/chiiefbaka/prototype_0_0_1/test/widgets/rewards_tab_test.dart: RewardsTab Logic Tests Streak Calculations Streak milestone rewards                                               00:10 +275 -3: /Users/chiiefbaka/prototype_0_0_1/test/widgets/rewards_tab_test.dart: RewardsTab Logic Tests Streak Calculations Streak milestone rewards                                               00:10 +275 -3: /Users/chiiefbaka/prototype_0_0_1/test/widgets/rewards_tab_test.dart: RewardsTab Logic Tests Transaction Parsing Transaction list parsing                                               00:10 +276 -3: /Users/chiiefbaka/prototype_0_0_1/test/widgets/rewards_tab_test.dart: RewardsTab Logic Tests Transaction Parsing Transaction list parsing                                               00:10 +276 -3: /Users/chiiefbaka/prototype_0_0_1/test/widgets/rewards_tab_test.dart: RewardsTab Logic Tests Transaction Parsing Transaction type categorization                                        00:10 +277 -3: /Users/chiiefbaka/prototype_0_0_1/test/widgets/rewards_tab_test.dart: RewardsTab Logic Tests Transaction Parsing Transaction type categorization                                        00:10 +277 -3: /Users/chiiefbaka/prototype_0_0_1/test/widgets/rewards_tab_test.dart: RewardsTab Logic Tests Transaction Parsing Transaction icon selection                                             00:10 +278 -3: /Users/chiiefbaka/prototype_0_0_1/test/widgets/rewards_tab_test.dart: RewardsTab Logic Tests Transaction Parsing Transaction icon selection                                             00:10 +278 -3: /Users/chiiefbaka/prototype_0_0_1/test/widgets/rewards_tab_test.dart: RewardsTab Logic Tests Daily Rewards Daily login check                                                            00:10 +279 -3: /Users/chiiefbaka/prototype_0_0_1/test/widgets/rewards_tab_test.dart: RewardsTab Logic Tests Daily Rewards Daily login check                                                            00:10 +279 -3: /Users/chiiefbaka/prototype_0_0_1/test/widgets/rewards_tab_test.dart: RewardsTab Logic Tests Daily Rewards Same day login check                                                         00:10 +280 -3: /Users/chiiefbaka/prototype_0_0_1/test/widgets/rewards_tab_test.dart: RewardsTab Logic Tests Daily Rewards Same day login check                                                         00:10 +280 -3: /Users/chiiefbaka/prototype_0_0_1/test/widgets/rewards_tab_test.dart: RewardsTab Logic Tests Daily Rewards Daily bonus amount by streak                                                 00:10 +281 -3: /Users/chiiefbaka/prototype_0_0_1/test/widgets/rewards_tab_test.dart: RewardsTab Logic Tests Daily Rewards Daily bonus amount by streak                                                 00:10 +281 -3: /Users/chiiefbaka/prototype_0_0_1/test/widgets/rewards_tab_test.dart: RewardsTab Logic Tests Ad Rewards Watch ad reward calculation                                                     00:10 +282 -3: /Users/chiiefbaka/prototype_0_0_1/test/widgets/rewards_tab_test.dart: RewardsTab Logic Tests Ad Rewards Watch ad reward calculation                                                     00:10 +282 -3: /Users/chiiefbaka/prototype_0_0_1/test/widgets/rewards_tab_test.dart: RewardsTab Logic Tests Ad Rewards Ads watched limit                                                               00:10 +283 -3: /Users/chiiefbaka/prototype_0_0_1/test/widgets/rewards_tab_test.dart: RewardsTab Logic Tests Ad Rewards Ads watched limit                                                               00:10 +283 -3: /Users/chiiefbaka/prototype_0_0_1/test/widgets/rewards_tab_test.dart: RewardsTab Logic Tests Leaderboard Rewards Rank reward calculation                                                00:10 +284 -3: /Users/chiiefbaka/prototype_0_0_1/test/widgets/rewards_tab_test.dart: RewardsTab Logic Tests Leaderboard Rewards Rank reward calculation                                                00:10 +284 -3: /Users/chiiefbaka/prototype_0_0_1/test/widgets/rewards_tab_test.dart: RewardsTab Logic Tests Achievements Achievement completion check                                                  00:10 +285 -3: /Users/chiiefbaka/prototype_0_0_1/test/widgets/rewards_tab_test.dart: RewardsTab Logic Tests Achievements Achievement completion check                                                  00:10 +285 -3: /Users/chiiefbaka/prototype_0_0_1/test/widgets/rewards_tab_test.dart: RewardsTab Logic Tests Achievements Achievement progress tracking                                                 00:10 +286 -3: /Users/chiiefbaka/prototype_0_0_1/test/widgets/rewards_tab_test.dart: RewardsTab Logic Tests Achievements Achievement progress tracking                                                 00:10 +286 -3: Some tests failed.                                                                                                                                                                      
